#include "TargGeo.h"  
 
/*
 ******************************************************************************
 ******************************************************************************
 **                                                                          **
 ** This is generated code.  Do not alter.  You should instead edit the XML  **
 ** module which corresponds to your detector.  This code will be replaced   **
 ** on the next compilation.                                                 **
 **                                                                          **
 ******************************************************************************
 ******************************************************************************
 */
  
 // ---------------------------------------------------------------------------------------------------  
 //  
 #include "StarVMC/StarAgmlLib/StarAgmlStacker.h"  
 //  
 #include "StarVMC/StarAgmlLib/AgMaterial.h"  
 #include "StarVMC/StarAgmlLib/AgMedium.h"  
 #include "StarVMC/StarAgmlLib/AgShape.h"  
 #include "StarVMC/StarAgmlLib/AgBlock.h"  
 #include "StarVMC/StarAgmlLib/AgMath.h"  
 #include "StarVMC/StarAgmlLib/AgSTAR.h"  
 //  
 #include "StarVMC/StarAgmlLib/Mortran.h"  
 #include "StarVMC/StarAgmlLib/AgMath.h"  
 #include <iostream>  
 #include <vector>  
 #include <map>  
 const Int_t _printlevel = 0;  
 #define LOG_PRINT if(_printlevel>0) std::cout << GetName() << " -Print- "  
 #define LOG_INFO  if(_printlevel>1) std::cout << GetName() << " -Info-  "  
 #define LOG_DEBUG if(_printlevel>2) std::cout << GetName() << " -Debug- "  
 #define LOG_WARN  if(_printlevel>3) std::cout << GetName() << " -Warn-  "  
 #define printf(fmt,...) LOG_PRINT << Form(fmt,##__VA_ARGS__) << std::endl;  
 #include "StarVMC/Geometry/Helpers.h"  
 //  
 namespace TARGGEO // $NMSPC  
 {     
       //     
       // ---------------------------------------------------------------------------------------------------     
          targ_t *__targ = new targ_t; // dummy
 AgMLStructure<targ_t,targ_info> TARG("targ");
targ_t &targ = TARG;
     
          // Selectors for targ
isEqual<targ_t, float> __targ_version__( __targ, &__targ->version );
isEqual<targ_t, float> __targ_onoff__( __targ, &__targ->onoff );
isEqual<targ_t, float> __targ_xdis__( __targ, &__targ->xdis );
isEqual<targ_t, float> __targ_ydis__( __targ, &__targ->ydis );
isEqual<targ_t, float> __targ_zdis__( __targ, &__targ->zdis );
isEqual<targ_t, int> __targ__index__( __targ, &__targ->_index );
     
          
	void              *targ_info::address   = &targ;
	AgMLStructureBase   *targ_info::structure = &TARG;
     
          tflg_t *__tflg = new tflg_t; // dummy
 AgMLStructure<tflg_t,tflg_info> TFLG("tflg");
tflg_t &tflg = TFLG;
     
          // Selectors for tflg
isEqual<tflg_t, float> __tflg_type__( __tflg, &__tflg->type );
isEqual<tflg_t, float> __tflg_thickness__( __tflg, &__tflg->thickness );
isEqual<tflg_t, float> __tflg_height__( __tflg, &__tflg->height );
isEqual<tflg_t, float> __tflg_baselength__( __tflg, &__tflg->baselength );
isEqual<tflg_t, float> __tflg_toplength__( __tflg, &__tflg->toplength );
isEqual<tflg_t, float> __tflg_xoffset__( __tflg, &__tflg->xoffset );
isEqual<tflg_t, float> __tflg_yoffset__( __tflg, &__tflg->yoffset );
isEqual<tflg_t, float> __tflg_zoffset__( __tflg, &__tflg->zoffset );
isEqual<tflg_t, int> __tflg__index__( __tflg, &__tflg->_index );
     
          
	void              *tflg_info::address   = &tflg;
	AgMLStructureBase   *tflg_info::structure = &TFLG;
     
          hldg_t *__hldg = new hldg_t; // dummy
 AgMLStructure<hldg_t,hldg_info> HLDG("hldg");
hldg_t &hldg = HLDG;
     
          // Selectors for hldg
isEqual<hldg_t, float> __hldg_irad__( __hldg, &__hldg->irad );
isEqual<hldg_t, float> __hldg_orad__( __hldg, &__hldg->orad );
isEqual<hldg_t, float> __hldg_width__( __hldg, &__hldg->width );
isEqual<hldg_t, float> __hldg_angle__( __hldg, &__hldg->angle );
isEqual<hldg_t, float> __hldg_xoffset__( __hldg, &__hldg->xoffset );
isEqual<hldg_t, float> __hldg_yoffset__( __hldg, &__hldg->yoffset );
isEqual<hldg_t, float> __hldg_zoffset__( __hldg, &__hldg->zoffset );
isEqual<hldg_t, int> __hldg__index__( __hldg, &__hldg->_index );
     
          
	void              *hldg_info::address   = &hldg;
	AgMLStructureBase   *hldg_info::structure = &HLDG;
     
          rngg_t *__rngg = new rngg_t; // dummy
 AgMLStructure<rngg_t,rngg_info> RNGG("rngg");
rngg_t &rngg = RNGG;
     
          // Selectors for rngg
isEqual<rngg_t, float> __rngg_irad__( __rngg, &__rngg->irad );
isEqual<rngg_t, float> __rngg_orad__( __rngg, &__rngg->orad );
isEqual<rngg_t, float> __rngg_width__( __rngg, &__rngg->width );
isEqual<rngg_t, float> __rngg_xoffset__( __rngg, &__rngg->xoffset );
isEqual<rngg_t, float> __rngg_yoffset__( __rngg, &__rngg->yoffset );
isEqual<rngg_t, float> __rngg_zoffset__( __rngg, &__rngg->zoffset );
isEqual<rngg_t, int> __rngg__index__( __rngg, &__rngg->_index );
     
          
	void              *rngg_info::address   = &rngg;
	AgMLStructureBase   *rngg_info::structure = &RNGG;
     
          rodg_t *__rodg = new rodg_t; // dummy
 AgMLStructure<rodg_t,rodg_info> RODG("rodg");
rodg_t &rodg = RODG;
     
          // Selectors for rodg
isEqual<rodg_t, float> __rodg_rad__( __rodg, &__rodg->rad );
isEqual<rodg_t, float> __rodg_length__( __rodg, &__rodg->length );
isEqual<rodg_t, float> __rodg_xoffset__( __rodg, &__rodg->xoffset );
isEqual<rodg_t, float> __rodg_yoffset__( __rodg, &__rodg->yoffset );
isEqual<rodg_t, float> __rodg_zoffset__( __rodg, &__rodg->zoffset );
isEqual<rodg_t, int> __rodg__index__( __rodg, &__rodg->_index );
     
          
	void              *rodg_info::address   = &rodg;
	AgMLStructureBase   *rodg_info::structure = &RODG;
     
          ///@addtogroup TargGeo_vars     
          ///@{        
                float ztot,rtot,vacuum=1.e-5;        
                //        
                /// float ztot,rtot,vacuum=1.e-5        
          ///@}     
       TargGeo::TargGeo()     
         : AgModule("TargGeo"," is the Fixed Target Geometry ")     
       {        
       }     
          // ---------------------------------------------------------------------------------------------------     
          AgBlock *TARM::mInstance = 0;     
          AgBlock *TARM::Instance(){        
                   if ( mInstance==0 ) mInstance = new TARM();        
                   return mInstance;        
          }     
          void TARM::Block( AgCreate create )     
          {         
                ///@addtogroup TARM_doc        
                ///@{           
                        AgBlock *_save = mCurrent;           
                        mCurrent = this;           
                        Bool_t _same_shape = true;           
                      /// Material Air            
                      {  AgMaterial mat = AgMaterial::CopyMaterial("Air");              
                            _material = mat;              
                      }           
                      /// Material TVacuum dens=(_material.par("dens")) *vacuum absl=(_material.par("absl")) /vacuum radl=(_material.par("radl")) /vacuum            
                      { AgMaterial &mat = AgMaterial::Get("Tvacuum");              
                            mat.par("dens")=(_material.par("dens"))*vacuum;              
                            mat.par("absl")=(_material.par("absl"))/vacuum;              
                            mat.par("radl")=(_material.par("radl"))/vacuum;              
                            _material = mat;              
                      }           
                      /// Medium standard           
                      {  AgMedium med = AgMedium::CopyMedium("Standard");              
                            _medium = med;              
                      }           
                      { AgAttribute attr = AgAttribute("TARM");              
                            attr.par("seen")=0;              
                            attr.par("colo")=7;              
                            attr.Inherit( AgBlock::previous() );               
                            _attribute = attr;              
                      }           
                      {  AgShape shape = AgShape("Tube");              
                            shape     .Inherit( AgBlock::previous() );              
                            create     .SetParameters(shape);              
                            shape.par("rmin")=0;              
                            shape.par("rmax")=rtot;              
                            shape.par("dz")=ztot;              
                            /// Shape Tube rmin=0 rmax=rtot dz=ztot               
                            _same_shape &= _stacker->SearchVolume( shape, _attribute );              
                            _shape = shape;              
                            if (_same_shape) goto END_OF_TARM;              
                            _stacker -> Build(this);              
                      }           
                      _create = AgCreate("HLDR");           
                      {              
                            AgShape myshape; // undefined shape              
                            ///Create HLDR              
                            Create("HLDR");               
                      }           
                      {              
                            AgPosition  place;              
                            place.SetBlock("HLDR");              
                            place.SetMother("TARM");              
                            /// Add daughter volume HLDR to mother TARM              
                            place.TranslateX(hldg.xoffset);              
                            /// Translate x = hldg.xoffset              
                            place.TranslateY(hldg.yoffset);              
                            /// Translate y = hldg.yoffset              
                            place.TranslateZ(hldg.zoffset);              
                            /// Translate z = hldg.zoffset              
                            place.par("only")=AgPosition::kOnly;              
                            /// Overlap: agposition::konly              
                            _stacker -> Position( AgBlock::Find("HLDR"), place );              
                      } // end placement of HLDR           
                      _create = AgCreate("RING");           
                      {              
                            AgShape myshape; // undefined shape              
                            ///Create RING              
                            Create("RING");               
                      }           
                      {              
                            AgPosition  place;              
                            place.SetBlock("RING");              
                            place.SetMother("TARM");              
                            /// Add daughter volume RING to mother TARM              
                            place.TranslateX(rngg.xoffset);              
                            /// Translate x = rngg.xoffset              
                            place.TranslateY(rngg.yoffset);              
                            /// Translate y = rngg.yoffset              
                            place.TranslateZ(rngg.zoffset);              
                            /// Translate z = rngg.zoffset              
                            place.par("only")=AgPosition::kOnly;              
                            /// Overlap: agposition::konly              
                            _stacker -> Position( AgBlock::Find("RING"), place );              
                      } // end placement of RING           
                      _create = AgCreate("FOIL");           
                      {              
                            AgShape myshape; // undefined shape              
                            ///Create FOIL              
                            Create("FOIL");               
                      }           
                      {              
                            AgPosition  place;              
                            place.SetBlock("FOIL");              
                            place.SetMother("TARM");              
                            /// Add daughter volume FOIL to mother TARM              
                            place.TranslateX(tflg.xoffset);              
                            /// Translate x = tflg.xoffset              
                            place.TranslateY(tflg.yoffset);              
                            /// Translate y = tflg.yoffset              
                            place.TranslateZ(tflg.zoffset);              
                            /// Translate z = tflg.zoffset              
                            place.par("only")=AgPosition::kOnly;              
                            /// Overlap: agposition::konly              
                            _stacker -> Position( AgBlock::Find("FOIL"), place );              
                      } // end placement of FOIL           
                      _create = AgCreate("RODM");           
                      {              
                            AgShape myshape; // undefined shape              
                            ///Create RODM              
                            Create("RODM");               
                      }           
                      {              
                            AgPosition  place;              
                            place.SetBlock("RODM");              
                            place.SetMother("TARM");              
                            /// Add daughter volume RODM to mother TARM              
                            place.TranslateX(rodg.xoffset);              
                            /// Translate x = rodg.xoffset              
                            place.TranslateY(rodg.yoffset);              
                            /// Translate y = rodg.yoffset              
                            place.TranslateZ(rodg.zoffset);              
                            /// Translate z = rodg.zoffset              
                            place.par("only")=AgPosition::kOnly;              
                            /// Overlap: agposition::konly              
                            _stacker -> Position( AgBlock::Find("RODM"), place );              
                      } // end placement of RODM           
                      _create = AgCreate("RODM");           
                      {              
                            AgShape myshape; // undefined shape              
                            ///Create RODM              
                            Create("RODM");               
                      }           
                      {              
                            AgPosition  place;              
                            place.SetBlock("RODM");              
                            place.SetMother("TARM");              
                            /// Add daughter volume RODM to mother TARM              
                            place.TranslateX(-rodg.xoffset);              
                            /// Translate x = -rodg.xoffset              
                            place.TranslateY(rodg.yoffset);              
                            /// Translate y = rodg.yoffset              
                            place.TranslateZ(rodg.zoffset);              
                            /// Translate z = rodg.zoffset              
                            place.par("only")=AgPosition::kOnly;              
                            /// Overlap: agposition::konly              
                            _stacker -> Position( AgBlock::Find("RODM"), place );              
                      } // end placement of RODM           
                      END_OF_TARM:           
                      mCurrent = _save;           
                ///@}        
          } // End Block TARM     
          // ---------------------------------------------------------------------------------------------------     
          AgBlock *HLDR::mInstance = 0;     
          AgBlock *HLDR::Instance(){        
                   if ( mInstance==0 ) mInstance = new HLDR();        
                   return mInstance;        
          }     
          void HLDR::Block( AgCreate create )     
          {         
                ///@addtogroup HLDR_doc        
                ///@{           
                        AgBlock *_save = mCurrent;           
                        mCurrent = this;           
                        Bool_t _same_shape = true;           
                      /// Material Aluminium            
                      {  AgMaterial mat = AgMaterial::CopyMaterial("Aluminium");              
                            _material = mat;              
                      }           
                      /// Medium standard           
                      {  AgMedium med = AgMedium::CopyMedium("Standard");              
                            _medium = med;              
                      }           
                      { AgAttribute attr = AgAttribute("HLDR");              
                            attr.par("seen")=1;              
                            attr.par("colo")=6;              
                            attr.Inherit( AgBlock::previous() );               
                            _attribute = attr;              
                      }           
                      {  AgShape shape = AgShape("Tubs");              
                            shape     .Inherit( AgBlock::previous() );              
                            create     .SetParameters(shape);              
                            shape.par("rmin")=hldg.irad;              
                            shape.par("rmax")=hldg.orad;              
                            shape.par("phi1")=180;              
                            shape.par("phi2")=0;              
                            shape.par("dz")=hldg.width/2;              
                            /// Shape Tubs rmin=hldg.irad rmax=hldg.orad phi1=180 phi2=0 dz=hldg.width/2               
                            _same_shape &= _stacker->SearchVolume( shape, _attribute );              
                            _shape = shape;              
                            if (_same_shape) goto END_OF_HLDR;              
                            _stacker -> Build(this);              
                      }           
                      END_OF_HLDR:           
                      mCurrent = _save;           
                ///@}        
          } // End Block HLDR     
          // ---------------------------------------------------------------------------------------------------     
          AgBlock *RING::mInstance = 0;     
          AgBlock *RING::Instance(){        
                   if ( mInstance==0 ) mInstance = new RING();        
                   return mInstance;        
          }     
          void RING::Block( AgCreate create )     
          {         
                ///@addtogroup RING_doc        
                ///@{           
                        AgBlock *_save = mCurrent;           
                        mCurrent = this;           
                        Bool_t _same_shape = true;           
                      /// Material Aluminium            
                      {  AgMaterial mat = AgMaterial::CopyMaterial("Aluminium");              
                            _material = mat;              
                      }           
                      /// Medium standard           
                      {  AgMedium med = AgMedium::CopyMedium("Standard");              
                            _medium = med;              
                      }           
                      { AgAttribute attr = AgAttribute("RING");              
                            attr.par("seen")=1;              
                            attr.par("colo")=6;              
                            attr.Inherit( AgBlock::previous() );               
                            _attribute = attr;              
                      }           
                      {  AgShape shape = AgShape("Tube");              
                            shape     .Inherit( AgBlock::previous() );              
                            create     .SetParameters(shape);              
                            shape.par("rmin")=rngg.irad;              
                            shape.par("rmax")=rngg.orad;              
                            shape.par("dz")=rngg.width/2;              
                            /// Shape Tube rmin=rngg.irad rmax=rngg.orad dz=rngg.width/2               
                            _same_shape &= _stacker->SearchVolume( shape, _attribute );              
                            _shape = shape;              
                            if (_same_shape) goto END_OF_RING;              
                            _stacker -> Build(this);              
                      }           
                      END_OF_RING:           
                      mCurrent = _save;           
                ///@}        
          } // End Block RING     
          // ---------------------------------------------------------------------------------------------------     
          AgBlock *FOIL::mInstance = 0;     
          AgBlock *FOIL::Instance(){        
                   if ( mInstance==0 ) mInstance = new FOIL();        
                   return mInstance;        
          }     
          void FOIL::Block( AgCreate create )     
          {         
                ///@addtogroup FOIL_doc        
                ///@{           
                        AgBlock *_save = mCurrent;           
                        mCurrent = this;           
                        Bool_t _same_shape = true;           
                      /// Material Gold            
                      {  AgMaterial mat = AgMaterial::CopyMaterial("Gold");              
                            _material = mat;              
                      }           
                      /// Medium standard           
                      {  AgMedium med = AgMedium::CopyMedium("Standard");              
                            _medium = med;              
                      }           
                      { AgAttribute attr = AgAttribute("FOIL");              
                            attr.par("seen")=1;              
                            attr.par("colo")=8;              
                            attr.Inherit( AgBlock::previous() );               
                            _attribute = attr;              
                      }           
                      {  AgShape shape = AgShape("Trap");              
                            shape     .Inherit( AgBlock::previous() );              
                            create     .SetParameters(shape);              
                            shape.par("dz")=tflg.thickness/2;              
                            shape.par("thet")=0.0;              
                            shape.par("phi")=0.0;              
                            shape.par("h1")=tflg.height/2;              
                            shape.par("bl1")=tflg.baselength/2;              
                            shape.par("tl1")=tflg.toplength/2;              
                            shape.par("alp1")=0;              
                            shape.par("h2")=tflg.height/2;              
                            shape.par("bl2")=tflg.baselength/2;              
                            shape.par("tl2")=tflg.toplength/2;              
                            shape.par("alp2")=0;              
                            /// Shape Trap dz=tflg.thickness/2 thet=0.0 phi=0.0 h1=tflg.height/2 bl1=tflg.baselength/2 tl1=tflg.toplength/2 alp1=0 h2=tflg.height/2 bl2=tflg.baselength/2 tl2=tflg.toplength/2 alp2=0               
                            _same_shape &= _stacker->SearchVolume( shape, _attribute );              
                            _shape = shape;              
                            if (_same_shape) goto END_OF_FOIL;              
                            _stacker -> Build(this);              
                      }           
                      END_OF_FOIL:           
                      mCurrent = _save;           
                ///@}        
          } // End Block FOIL     
          // ---------------------------------------------------------------------------------------------------     
          AgBlock *RODM::mInstance = 0;     
          AgBlock *RODM::Instance(){        
                   if ( mInstance==0 ) mInstance = new RODM();        
                   return mInstance;        
          }     
          void RODM::Block( AgCreate create )     
          {         
                ///@addtogroup RODM_doc        
                ///@{           
                        AgBlock *_save = mCurrent;           
                        mCurrent = this;           
                        Bool_t _same_shape = true;           
                      /// Material Aluminium            
                      {  AgMaterial mat = AgMaterial::CopyMaterial("Aluminium");              
                            _material = mat;              
                      }           
                      /// Medium standard           
                      {  AgMedium med = AgMedium::CopyMedium("Standard");              
                            _medium = med;              
                      }           
                      { AgAttribute attr = AgAttribute("RODM");              
                            attr.par("seen")=1;              
                            attr.par("colo")=6;              
                            attr.Inherit( AgBlock::previous() );               
                            _attribute = attr;              
                      }           
                      {  AgShape shape = AgShape("Tube");              
                            shape     .Inherit( AgBlock::previous() );              
                            create     .SetParameters(shape);              
                            shape.par("rmin")=0;              
                            shape.par("rmax")=rodg.rad;              
                            shape.par("dz")=rodg.length/2;              
                            /// Shape Tube rmin=0 rmax=rodg.rad dz=rodg.length/2               
                            _same_shape &= _stacker->SearchVolume( shape, _attribute );              
                            _shape = shape;              
                            if (_same_shape) goto END_OF_RODM;              
                            _stacker -> Build(this);              
                      }           
                      END_OF_RODM:           
                      mCurrent = _save;           
                ///@}        
          } // End Block RODM     
    // ----------------------------------------------------------------------- geoctr
       void TargGeo::ConstructGeometry( const Char_t *dummy )     
       {        
             ///@addtogroup TargGeo_revision        
             ///@{           
                   /// Created: 5 Sept 2018           
             ///@}        
             ///@addtogroup TargGeo_revision        
             ///@{           
                   /// Author: Samuel Heppelmann           
             ///@}        
             AddBlock("TARM", TARM::Instance());        
             AddBlock("HLDR", HLDR::Instance());        
             AddBlock("RING", RING::Instance());        
             AddBlock("FOIL", FOIL::Instance());        
             AddBlock("RODM", RODM::Instance());        
             // ---------------------------------------------------------------------------------------------------        
             // Fill targ
++targ._index;
targ.version = 1.0;
// targ_docum.version = " Geometry Version for 2018";
targ.onoff = 1;
// targ_docum.onoff = " 0 for Off, 1 for On ";
targ.xdis = 0;
// targ_docum.xdis = " x cord from center in star";
targ.ydis = 0;
// targ_docum.ydis = " y cord from center in star";
targ.zdis = 201;
// targ_docum.zdis = " z cord from center in star";
TARG.fill();
        
             /// USE targ _index=1;        
             TARG.use( __targ__index__ = 1 );
        
             if ( targ.version==1.0 )        
             {           
                   // ---------------------------------------------------------------------------------------------------           
                   // Fill tflg
++tflg._index;
tflg.thickness = 0.025;
// tflg_docum.thickness = "0.25 mm thickness";
tflg.height = 0.635;
// tflg_docum.height = "height of rectangular target";
tflg.baselength = 5.050;
// tflg_docum.baselength = "trap bottom length of target";
tflg.toplength = 6.106;
// tflg_docum.toplength = "trap top length of target";
tflg.xoffset = 0;
// tflg_docum.xoffset = " xoffset from center of TARG";
tflg.yoffset = -2.319;
// tflg_docum.yoffset = " yoffset from center of TARG";
tflg.zoffset = 0;
// tflg_docum.zoffset = " zoffset from center of TARG";
TFLG.fill();
           
             }        
             // ---------------------------------------------------------------------------------------------------        
             // Fill hldg
++hldg._index;
hldg.irad = 3.136;
// hldg_docum.irad = "inner radius of ring";
hldg.orad = 3.651;
// hldg_docum.orad = "outer radius of ring";
hldg.width = 0.645;
// hldg_docum.width = "width of ring";
hldg.angle = 3.14;
// hldg_docum.angle = "angle that the ring covers of full circle (half circle)";
hldg.xoffset = 0;
// hldg_docum.xoffset = " xoffset from center of TARG";
hldg.yoffset = 0;
// hldg_docum.yoffset = " yoffset from center of TARG";
hldg.zoffset = -0.318;
// hldg_docum.zoffset = " zoffset from center of TARG";
HLDG.fill();
        
             // ---------------------------------------------------------------------------------------------------        
             // Fill rngg
++rngg._index;
rngg.irad = 3.136;
// rngg_docum.irad = "inner radius of ring";
rngg.orad = 3.651;
// rngg_docum.orad = "outer radius of ring";
rngg.width = 0.635;
// rngg_docum.width = "width of ring";
rngg.xoffset = 0;
// rngg_docum.xoffset = " xoffset from center of TARG";
rngg.yoffset = 0;
// rngg_docum.yoffset = " yoffset from center of TARG";
rngg.zoffset = 180.318;
// rngg_docum.zoffset = " zoffset from center of TARG";
RNGG.fill();
        
             // ---------------------------------------------------------------------------------------------------        
             // Fill rodg
++rodg._index;
rodg.rad = 0.238;
// rodg_docum.rad = "radius of rod";
rodg.length = 180;
// rodg_docum.length = "length of rod (estimate)";
rodg.xoffset = 0.953;
// rodg_docum.xoffset = " xoffset from center of TARG";
rodg.yoffset = -3.256;
// rodg_docum.yoffset = " yoffset from center of TARG";
rodg.zoffset = 90;
// rodg_docum.zoffset = " zoffset from center of TARG";
RODG.fill();
        
             /// USE hldg _index=1;        
             HLDG.use( __hldg__index__ = 1 );
        
             rtot=hldg.orad;;        
             /// USE rodg _index=1;        
             RODG.use( __rodg__index__ = 1 );
        
             ztot=rodg.length+hldg.width+rngg.width;;        
             /// Component Au	a=196.97	z=79	w=1        
             /// Mixture Gold dens=19.30        
             {  AgMaterial &mix = AgMaterial::Get("Gold");           
                   mix.Component("Au",196.97,79,1);           
                   mix.par("dens")=19.30;           
                   mix.lock();           
                   _material = mix;           
                   _material.lock();           
             }        
             _create = AgCreate("TARM");        
             {           
                   AgShape myshape; // undefined shape           
                   ///Create TARM           
                   Create("TARM");            
             }        
             {           
                   AgPosition  place;           
                   place.SetBlock("TARM");           
                   place.SetMother("CAVE");           
                   /// Add daughter volume TARM to mother CAVE           
                   place.TranslateX(targ.xdis);           
                   /// Translate x = targ.xdis           
                   place.TranslateY(targ.ydis);           
                   /// Translate y = targ.ydis           
                   place.TranslateZ(targ.zdis);           
                   /// Translate z = targ.zdis           
                   place.par("only")=AgPosition::kMany;           
                   /// Overlap: agposition::kmany           
                   _stacker -> Position( AgBlock::Find("TARM"), place );           
             } // end placement of TARM        
       }; // TargGeo     
 }; // namespace TargGeo  
 