      MODULE BTOFGEO3    is the Geometry of Barrel Trigger / Time Of Flight system
      """ AGML variables """
      REAL :: agml_rotm(9), agml_thetax, agml_phix, agml_thetay, agml_phiy, agml_thetaz,
             agml_phiz
      COMMON /agml_vars/ agml_rotm, agml_thetax, agml_phix, agml_thetay, agml_phiy,
             agml_thetaz, agml_phiz
      Author W.J. Llope
      Created     29 December 1999
      +CDE,agecom.
      +CDE,gcunit.
      +CDE,gconst.
      CONTENT BTOF,BTOH,BSEC,BTRA,BUND,BTFT,BASE,BARM,BANG,BWAT,BCOV,BXTR,BMTC,BTTC,
            BMAA,BMTD,BASS,BXSA,BCSB,BCCV,BFEE,BLEM,BCPM,BCSK,BTSK,BZEL,BCEL,BCEB,BCON,BPLA,
            BCOO,BRAI,BPIP,BPIQ,BRTC,BRMD,BRHC,BRCB,BRMY,BRGR,BROG,BRDT,BRSG,BRIG,BRWG,BRFE,
            BUPC,BGMT
      STRUCTURE BTOG { Version,Rmin,Rmax,dz,choice,posit1(2),posit2}
      STRUCTURE TRAY { Height,Width,Length,WallThk,SupFullH,SupFullW,SupLen,SupBaseT,
            SupBaseW,SupArmT,CoolOutR,CoolInnR,StripT,FootInse,FootThk,Foot1Len,Foot2Thk,
            Foot3Len}
      STRUCTURE CTBB { Slab1Len,Slab2Len,Slab1x,Slab2x,SlabThck,SlabWid,ConvLen,ConvWidM,
            ConvThck,PmtLen,PmtMaxR,PmtMinR,BaseLen,BaseMaxR,BaseMinR,ElecThck,Wrap,
            Shim}
      STRUCTURE TOFF { BoxWidth,SlatLen,Slat01z,Slat02z,Slat03z,Slat04z,Slat05z,Slat06z,
            Slat07z,Slat08z,Slat09z,Slat10z,SlatThck,SlatWid,SlatAng,PmtLen,PmtMaxR,PmtMinR,
            BaseLen,BaseMaxR,BaseMinR,SockLen,CellWid,CellHgt,ElecHgt,ElecThck,ElecWid,
            ElecLen,Elec01z,Elec02z,Elec03z,Elec04z,Elec05z,Elec06z,Elec07z,Elec08z,Elec09z,
            Elec10z,RailThck,RailWid,CoolInnR,CoolOutR}
      STRUCTURE MODR { Height,Width,Length,Center,mrpcX(33),mrpcZ(33),mrpcA(33),HCHgt,
            HCWid,HCLen,PCBHgt,PCBWid,PCBLen,MYHgt,MYWid,MYLen,GRHgt,GRWid,GRLen,OGHgt,
            OGWid,OGLen,IGHgt,IGWid,IGLen,SPRMin,SPRMax,SPLen,WGRMin,WGRMax,WGLen,FEEH,HBWid,
            NGap}
      STRUCTURE MOD4 { Height,Width,Length,Center,mrpcX(32),mrpcZ(32),mrpcA(32),HCHgt,
            HCWid,HCLen,PCBHgt,PCBWid,PCBLen,MYHgt,MYWid,MYLen,GRHgt,GRWid,GRLen,OGHgt,
            OGWid,OGLen,IGHgt,IGWid,IGLen,SPRMin,SPRMax,SPLen,WGRMin,WGRMax,WGLen,FEEH,HBWid,
            NGap,TrayEdgeZ}
      REAL support_arm_width,support_arm_Xpos,support_arm_Ypos,support_aile_width,
            support_aile_Ypos,xpos,ypos,zpos,totlen,sublen,subcen,x0,z0,Y,Z,DTHgt

      INTEGER i,is,choice,tof,iwid,igap, YEAR

      FILL BTOG		! Barrel Trigger, CTB/TOF Basic dimensions
      Version = 5 !  geometry version
      Rmin = 207.80 !  minimum CTB/TOF system radius (as built)
      Rmax = 219.5 !  maximum CTB/TOF system radius
      dz = 246.0 !  CTB/TOF tube half length
      choice = 7 !  1=CTB, 2=Full-TOFp, 3=25% TOFp, 4=1 tray-TOFp,                                ! 5=1 tray-TOFr, 6=Full-TOFr, 7=TOFp+TOFrp Run-IV
      posit1  = {  32,  33} !   TOFp tray position: (0) choice 4 or 5 -> run-2,3 posn,                                !                     (1) choice 7 -> run-4 posn
      posit2 = 23 !  TOFr tray position for choice 5
      ENDFILL
      FILL TRAY		! general tray stats
      Height = 8.89 !  tray height(8.89)
      Width = 21.59 !  full tray width
      Length = 241.62 !  full tray length(241.62)
      WallThk = 0.13 !  tray wall thickness
      SupFullH = 2.03 !  support height (radial)
      SupFullW = 15.24 !  support full width with arms
      SupLen = 215.9 !  support length
      SupBaseW = 9.22 !  support base width
      SupBaseT = 0.32 !  support base thickness
      SupArmT = 0.64 !  support arm  thickness
      CoolOutR = 0.80 !  Cooling channel outer radius
      CoolInnR = 0.48 !  Cooling channel inner radius
      StripT = 0.08 !  Thickness of polyethylene strip on bottom
      FootInse = 1.06 !  foot inset from tray edge
      FootThk = 0.23 !  thickness of foot material
      Foot1len = 1.68 !  length (in section) of first part of foot
      Foot2Thk = 1.16 !  thickness of second foot section
      Foot3Len = 2.16 !  length of third part of foot
      ENDFILL
      FILL CTBB		! barrel trigger stats
      Slab1Len = 112.5 !  first slab (B) length
      Slab2Len = 130.0 !  second slab (A)length
      Slab1x = 5.84 !  first slab (B) x position
      Slab2x = 2.67 !  second slab (A) x position
      SlabThck = 1.0 !  scintillator slab thicknesses
      SlabWid = 21.0 !  scintillator slab width
      ConvLen = 8.5 !  optical converter length
      ConvWidM = 4.0 !  optical convertor min width
      ConvThck = 0.92 !  optical convertor thickness
      PmtLen = 5.0 !  PMT length
      PmtMaxR = 2.0 !  PMT max radius
      PmtMinR = 1.84 !  PMT min radius
      BaseLen = 4.0 !  Base length
      BaseMaxR = 2.13 !  Base max radius
      baseMinR = 1.0 !  Base min radius
      ElecThck = 0.25 !  readout electronics thickness
      Wrap = 0.13 !  thickness of Tyvek + black plastic
      Shim = 0.26 !  thickness of shim to position slat 2
      ENDFILL
      FILL TOFF		! time of flight stats
      BoxWidth = 21.0875 !  width of the 5w box (BMTD)
      SlatLen = 20.0 !  slat length
      Slat01z = 104.938 !  5_wide_slat Z position for row 1 from AutoCAD
      Slat02z = 84.060 !  4_wide_slat Z position for row 2 from AutoCAD
      Slat03z = 62.860 !  4_wide_slat Z position for row 3 from AutoCAD
      Slat04z = 41.254 !  4_wide_slat Z position for row 4 from AutoCAD
      Slat05z = 18.966 !  4_wide_slat Z position for row 5 from AutoCAD
      Slat06z = -3.954 !  4_wide_slat Z position for row 6 from AutoCAD
      Slat07z = -27.528 !  4_wide_slat Z position for row 7 from AutoCAD
      Slat08z = -51.254 !  4_wide_slat Z position for row 8 from AutoCAD
      Slat09z = -75.634 !  4_wide_slat Z position for row 9 from AutoCAD
      Slat10z = -100.683 !  4_wide_slat Z position for row 10 from AutoCAD
      SlatThck = 2.0 !  scintillator slab thicknesses
      SlatWid = 3.81 !  scintillator slab width (4.0)
      SlatAng = 11.5 !  slat assy. angle w.r.t. tray
      PmtLen = 5.0 !  PMT length
      PmtMaxR = 1.91 !  PMT max radius
      PmtMinR = 1.8 !  PMT min radius
      SockLen = 1.0 !  thickness of socket
      BaseLen = 5.0 !  Base length
      BaseMaxR = 1.91 !  Base max radius
      baseMinR = 1.8 !  Base min radius
      CellWid = 3.1 !  Cell width
      CellHgt = 1.6 !  Cell height
      ElecHgt = 3.0 !  FEE Board height in tray... (rails/loop too).
      ElecThck = 0.17 !  FEE Board thickness (67 mils)
      ElecWid = 20.3 !  FEE Board width (was 21)
      ElecLen = 5.715 !  FEE Board length (was 16)
      Elec01z = 105.610 !  FEE Z position for row 1 from AutoCAD
      Elec02z = 84.573 !  FEE Z position for row 2 from AutoCAD
      Elec03z = 63.224 !  FEE Z position for row 3 from AutoCAD
      Elec04z = 41.667 !  FEE Z position for row 4 from AutoCAD
      Elec05z = 19.379 !  FEE Z position for row 5 from AutoCAD
      Elec06z = -3.542 !  FEE Z position for row 6 from AutoCAD
      Elec07z = -27.165 !  FEE Z position for row 7 from AutoCAD
      Elec08z = -50.841 !  FEE Z position for row 8 from AutoCAD
      Elec09z = -75.170 !  FEE Z position for row 9 from AutoCAD
      Elec10z = -100.270 !  FEE Z position for row 10 from AutoCAD
      RailThck = 0.2 !  Cooling loop rail thickness
      RailWid = 1.5 !  Cooling loop rail width
      CoolOutR = 0.635 !  Cooling loop pipe outer radius, 0.5in/2
      CoolInnR = 0.561 !  Cooling loop pipe inner radius, (0.5in-0.058in)/2
      ENDFILL
      FILL MODR		! RUN3 MRPC TOF Module dimensions and positions
      Height = 1.95 !  Module height (r)
      Width = 21.2 !  Module width (phi)
      Length = 9.4 !  Module length (z)
      Center = 0.35 !  Module detector center in (phi)
      mrpcX  = {  4.76,  1.21,  4.99,  1.46,  5.19,  1.71, 
                  4.98,  1.54,  2.69,  3.39,  3.25,  3.49, 
                  3.33,  3.54,  3.54,  3.57,  3.48,  3.51, 
                  3.19,  3.19,  3.19,  3.19,  3.19,  3.43, 
                  3.43,  3.43,  3.43,  3.43,  3.43,  3.43, 
                  3.43,  3.43,  3.43} !   mrpc Xpositions 
      mrpcZ  = {    4.50,   10.48,   16.83,   22.64,   29.25, 
                   34.89,   41.68,   47.19,   53.76,   60.18, 
                   66.53,   72.95,   79.42,   85.97,   92.59, 
                   99.28,  106.00,  112.84,  119.60,  126.66, 
                  133.80,  141.06,  148.43,  156.09,  163.71, 
                  171.46,  179.35,  187.38,  195.56,  203.84, 
                  212.33,  220.94,   229.7} !   mrpc Zpositions 
      mrpcA  = {   1.20,   2.84,   4.48,   6.12,   7.74,   9.36, 
                  10.97,   7.60,  14.30,  22.30,  22.30,  22.30, 
                  22.30,  22.30,  22.30,  22.30,  22.30,  22.30, 
                  33.00,  33.00,  33.00,  33.00,  33.00,  37.58, 
                  37.58,  37.58,  37.58,  37.58,  37.58,  37.58, 
                  37.58,  37.58,  37.58} !   mrpc angles 
      HCHgt = 0.466 !  HC->Height (r)
      HCWid = 20.8 !   HC->Width (phi)
      HCLen = 8.4 !    HC->Length (z)
      PCBHgt = 0.15 !  PCB->Height (r)
      PCBWid = 21.0 !   PCB->Width  (phi)
      PCBLen = 9.4 !    PCB->Length (z) *PCBLen =  9.4(real)
      MYHgt = 0.035 !  MYlar->Height
      MYWid = 21.2 !   MYlar->Width
      MYLen = 8.4 !    MYlar->Length
      GRHgt = 0.013 !  GRaphite->Height
      GRWid = 20.2 !   GRaphite->Width
      GRLen = 7.4 !    GRaphite->Length
      OGHgt = 0.11 !  Outer Glass->Height
      OGWid = 20.6 !   Outer Glass->Width
      OGLen = 7.8 !    Outer Glass->Length
      IGHgt = 0.054 !  Inner Glass->Height
      IGWid = 20.0 !   Inner Glass->Width
      IGLen = 6.1 !    Inner Glass->Length
      SPRMin = 0. !  SeParator Tube->RMin
      SPRMax = 0.011 !   SeParator Tube->RMax
      SPLen = 7.8 !    SeParator Tube->Length
      WGRMin = 0. !  Wedge Tube: RMin
      WGRMax = 0.15 !   Wedge Tube->RMax
      WGLen = 10.0 !    Wedge Tube->Length
      FEEH = 0.15 !  tofr fee pcb thickness
      HBWid = 0.635 !  the slim honeycomb support box width
      NGap = 6 !  Number of gaps in MRPC
      ENDFILL
      FILL MOD4		! RUN4 MRPC TOF Module dimensions and positions
      Height = 1.95 !  Module height (r)
      Width = 21.2 !  Module width (phi)
      Length = 9.4 !  Module length (z)
      Center = 0.35 !  Module detector center (phi)
      mrpcZ  = {    5.83,   11.97,   18.17,   24.03,   30.55, 
                   36.22,   42.54,   48.87,   55.19,   61.53, 
                   67.86,   74.24,   80.68,   87.08,   93.64, 
                  100.36,  107.19,  114.05,  121.02,  128.08, 
                  135.24,  142.51,  149.88,  157.35,  164.93, 
                  172.63,  180.43,  188.35,  196.38,  204.52, 
                  212.79,  221.17} !   mrpc Zposns 
      mrpcX  = {   1.5,  2.83,  4.16,  1.55,  4.73,  1.88, 
                  2.56,  3.06,   3.3,  3.41,  3.32,   3.2, 
                  3.07,  2.73,  2.58,  2.64,  2.74,  2.74, 
                  2.76,  2.76,  2.76,  2.76,  2.76,  2.76, 
                  2.76,  2.76,  2.76,  2.76,  2.76,  2.76, 
                  2.76,  2.76} !   mrpc Xposns 
      mrpcA  = {   6.,   6.,   6.,   6.,   0.,  12.,  12.,  16., 
                  16.,  19.,  19.,  19.,  19.,  24.,  24.,  25., 
                  27.,  29.,  30.,  30.,  30.,  30.,  30.,  30., 
                  30.,  30.,  30.,  30.,  30.,  30.,  30.,  30.} !   mrpc angles 
      HCHgt = 0.466 !  HC->Height (r)
      HCWid = 20.8 !   HC->Width (phi)
      HCLen = 8.4 !    HC->Length (z)
      PCBHgt = 0.15 !  PCB->Height (r)
      PCBWid = 21.0 !   PCB->Width  (phi)
      PCBLen = 9.4 !    PCB->Length (z) *PCBLen =  9.4(real)
      MYHgt = 0.035 !  MYlar->Height
      MYWid = 21.2 !   MYlar->Width
      MYLen = 8.4 !    MYlar->Length
      GRHgt = 0.013 !  GRaphite->Height
      GRWid = 20.2 !   GRaphite->Width
      GRLen = 7.4 !    GRaphite->Length
      OGHgt = 0.11 !  Outer Glass->Height
      OGWid = 20.6 !   Outer Glass->Width
      OGLen = 7.8 !    Outer Glass->Length
      IGHgt = 0.054 !  Inner Glass->Height
      IGWid = 20.0 !   Inner Glass->Width
      IGLen = 6.1 !    Inner Glass->Length
      SPRMin = 0. !  SeParator Tube->RMin
      SPRMax = 0.011 !   SeParator Tube->RMax
      SPLen = 7.8 !    SeParator Tube->Length
      WGRMin = 0. !  Wedge Tube: RMin
      WGRMax = 0.15 !   Wedge Tube->RMax
      WGLen = 10.0 !    Wedge Tube->Length
      FEEH = 0.15 !  tofr fee pcb thickness
      HBWid = 0.635 !  the slim honeycomb support box width
      NGap = 6 !  Number of gaps in MRPC
      TrayEdgeZ = (3.0*2.54)+1.0 !  tray posn along rail wrt TPC centerplane (Z)
      ENDFILL
      use BTOG
      use TRAY
      use CTBB
      use TOFF
      use MODR
      use MOD4
      COMPONENT Si A=28.08 Z=14 W=0.6*1*28./60.
      COMPONENT O A=16 Z=8 W=0.6*2*16./60. + 0.4*4*16./174.
      COMPONENT C A=12 Z=6 W=0.4*8*12./174.
      COMPONENT H A=1 Z=1 W=0.4*14*1./174.
      MIXTURE G10 dens=1.7
      COMPONENT H A=1 Z=1 W=0.90*2*1./102.+0.+0.05*10*1./58.
      COMPONENT C A=12 Z=6 W=0.90*2*12./102.+0.+0.05*4*12./58.
      COMPONENT F A=19 Z=9 W=0.90*4*19./102.+0.05*6*19./146.+0.
      COMPONENT S A=32 Z=16 W=0.+0.05*1*32./146.+0.
      MIXTURE RPCgas dens=4.55E-3
      COMPONENT Al A=27 Z=13 W=0.0105
      COMPONENT N A=14 Z=7 W=0.7395
      COMPONENT Adhesive A=9 Z=4.5 W=0.2500
      MIXTURE HoneyComb dens=0.282
      CREATE BTOF
      CALL AgsReset 
      CALL agml_position_begin('BTOF') 
      %mother = 'CAVE' 
      %title = 'BTOF' 
      %exname = 'POSITION' ! agml placement 
      CALL agml_get_translation( %x, %y, %z ) 
      CALL agml_get_angles(%thetax,%phix,%thetay,%phiy,%thetaz,%phiz) 
      %parlist = 'MOTHER_THETAX_PHIX_THETAY_PHIY_THETAZ_PHIZ' 
      CALL AxPosition 
      ! ---------------------------------------------------------------------------------- BTOF
      BLOCK BTOF   is the whole CTF system envelope
      ATTRIBUTE BTOF seen=1 colo=1
      MATERIAL Air
      MEDIUM Standard
      SHAPE tube rmin=btog_Rmin rmax=btog_Rmax,
            dz=btog_dz
      Prin0 btog_choice,3;
      ('BTOF: btog_choice = ', F4.1, ' itof = ', I2)
      YEAR=btog_choice - 3
      Prin0 YEAR;
      (' : this is the run ',I2,' geometry ...')
      choice = 1                                     ! ctb
      IF ( (btog_choice==2) ) THEN
      choice=btog_choice       ! full tofp
      ENDIF
      IF ( (btog_choice==6) ) THEN
      choice=btog_choice       ! full tofr
      ENDIF
      CREATE BTOH
      CALL AgsReset 
      CALL agml_position_begin('BTOH') 
      %title = 'BTOH' 
      %exname = 'POSITION' ! agml placement 
      ag_z = real(+btog_dz/2) 
      CALL agml_translate_z( %z ) 
      ag_alphay = 180.0 
      CALL agml_rotate_y(%alphay) 
      CALL agml_get_translation( %x, %y, %z ) 
      CALL agml_get_angles(%thetax,%phix,%thetay,%phiy,%thetaz,%phiz) 
      %parlist = 'Z_THETAX_PHIX_THETAY_PHIY_THETAZ_PHIZ' 
      CALL AxPosition 
      choice=btog_choice
      CREATE BTOH
      CALL AgsReset 
      CALL agml_position_begin('BTOH') 
      %title = 'BTOH' 
      %exname = 'POSITION' ! agml placement 
      ag_z = real(-btog_dz/2) 
      CALL agml_translate_z( %z ) 
      CALL agml_get_translation( %x, %y, %z ) 
      CALL agml_get_angles(%thetax,%phix,%thetay,%phiy,%thetaz,%phiz) 
      %parlist = 'Z_THETAX_PHIX_THETAY_PHIY_THETAZ_PHIZ' 
      CALL AxPosition 
      ENDBLOCK
      ! ---------------------------------------------------------------------------------- BTOH
      BLOCK BTOH   is a half of trigger system (west-east)
      ATTRIBUTE BTOH seen=0 colo=1 serial=choice
      SHAPE tube dz=btog_dz/2
      DO is = 1, 60
      tof=0                                          !// all CTB for choice=1
      IF ( (choice==2) ) THEN
      tof=1      !// all TOFp
      ENDIF
      IF ( (choice==3&46<=is&is<=60) ) THEN
      tof=1      !// big TOFp patch, rest CTB
      ENDIF
      IF ( (choice==4&is==btog_posit1(1)) ) THEN
      tof=1      !// Run-2 (one TOFp tray)
      ENDIF
      IF ( (choice==5&is==btog_posit1(1)) ) THEN
      tof=1      !// Run-3 (one TOFp tray
      ENDIF
      IF ( (choice==5&is==btog_posit2) ) THEN
      tof=2      !      and one TOFr tray)
      ENDIF
      IF ( (choice==6) ) THEN
      tof=2      !// all TOFr
      ENDIF
      IF ( (choice==7&is==btog_posit1(2)) ) THEN
      tof=1      !// Run-4 (one TOFp tray moved 1 slot
      ENDIF
      IF ( (choice==7&is==btog_posit2) ) THEN
      tof=3      !      and one TOFrp tray)
      ENDIF
      CREATE BSEC
      CALL AgsReset 
      CALL agml_position_begin('BSEC') 
      %title = 'BSEC' 
      %exname = 'POSITION' ! agml placement 
      ag_alphaz = real(102+6*is) 
      CALL agml_rotate_z(%alphaz) 
      CALL agml_get_translation( %x, %y, %z ) 
      CALL agml_get_angles(%thetax,%phix,%thetay,%phiy,%thetaz,%phiz) 
      %parlist = 'THETAX_PHIX_THETAY_PHIY_THETAZ_PHIZ' 
      CALL AxPosition 
      END DO
      ENDBLOCK
      ! ---------------------------------------------------------------------------------- BSEC
      BLOCK BSEC   is a sector of CTB/TOF Trigger Barrel Scintillators
      ATTRIBUTE BSEC seen=0 colo=1 serial=tof
      SHAPE tubs phi1=-3.0 phi2=3.0
      CREATE BTRA
      CALL AgsReset 
      CALL agml_position_begin('BTRA') 
      %title = 'BTRA' 
      %exname = 'POSITION' ! agml placement 
      ag_x = real(btog_Rmin+(tray_SupFullH+tray_height+tray_StripT)/2) 
      CALL agml_translate_x( %x ) 
      CALL agml_get_translation( %x, %y, %z ) 
      CALL agml_get_angles(%thetax,%phix,%thetay,%phiy,%thetaz,%phiz) 
      %parlist = 'X_THETAX_PHIX_THETAY_PHIY_THETAZ_PHIZ' 
      CALL AxPosition 
      IF ( tof==2 ) THEN
      CREATE BRFE
      CALL AgsReset 
      CALL agml_position_begin('BRFE') 
      %title = 'BRFE' 
      %exname = 'POSITION' ! agml placement 
      ag_x = real(btog_Rmin+tray_SupFullH+tray_StripT+tray_height+modr_feeh/2) 
      CALL agml_translate_x( %x ) 
      ag_z = real((btog_dz-tray_length)/2) 
      CALL agml_translate_z( %z ) 
      CALL agml_get_translation( %x, %y, %z ) 
      CALL agml_get_angles(%thetax,%phix,%thetay,%phiy,%thetaz,%phiz) 
      %parlist = 'X_Z_THETAX_PHIX_THETAY_PHIY_THETAZ_PHIZ' 
      CALL AxPosition 
      ENDIF
      ENDBLOCK
      ! ---------------------------------------------------------------------------------- BTRA
      BLOCK BTRA   is one full tray plus supporting structure for CTB/TOF
      ATTRIBUTE BTRA seen=1 colo=2
      SHAPE box dx=(tray_SupFullH+tray_height+tray_StripT)/2,
            dy=tray_Width/2
      CREATE BXTR
      CALL AgsReset 
      CALL agml_position_begin('BXTR') 
      %title = 'BXTR' 
      %exname = 'POSITION' ! agml placement 
      ag_x = real((tray_SupFullH+tray_StripT)/2) 
      CALL agml_translate_x( %x ) 
      ag_z = real((btog_dz-tray_length)/2) 
      CALL agml_translate_z( %z ) 
      CALL agml_get_translation( %x, %y, %z ) 
      CALL agml_get_angles(%thetax,%phix,%thetay,%phiy,%thetaz,%phiz) 
      %parlist = 'X_Z_THETAX_PHIX_THETAY_PHIY_THETAZ_PHIZ' 
      CALL AxPosition 
      CREATE BUND
      CALL AgsReset 
      CALL agml_position_begin('BUND') 
      %title = 'BUND' 
      %exname = 'POSITION' ! agml placement 
      ag_x = real(-(tray_height+tray_StripT)/2) 
      CALL agml_translate_x( %x ) 
      ag_z = real((btog_dz-tray_SupLen)/2) 
      CALL agml_translate_z( %z ) 
      CALL agml_get_translation( %x, %y, %z ) 
      CALL agml_get_angles(%thetax,%phix,%thetay,%phiy,%thetaz,%phiz) 
      %parlist = 'X_Z_THETAX_PHIX_THETAY_PHIY_THETAZ_PHIZ' 
      CALL AxPosition 
      ENDBLOCK
      ! ---------------------------------------------------------------------------------- BRFE
      BLOCK BRFE   is the FEE of tofr (run-3)
      ATTRIBUTE BRFE seen=0 colo=3
      MATERIAL G10
      SHAPE box dx=modr_feeh/2 dy=tray_Width/2,
            dz=tray_Length/2
      ENDBLOCK
      ! ---------------------------------------------------------------------------------- BXTR
      BLOCK BXTR   is a Main TRay covering box for CTB or TOF
      ATTRIBUTE BXTR seen=0 colo=2
      MATERIAL Aluminium
      SHAPE box dx=tray_height/2 dz=tray_length/2
      IF ( tof==1 ) THEN
      CREATE BTTC
      CALL AgsReset 
      CALL agml_position_begin('BTTC') 
      %title = 'BTTC' 
      %exname = 'POSITION' ! agml placement 
      CALL agml_get_translation( %x, %y, %z ) 
      CALL agml_get_angles(%thetax,%phix,%thetay,%phiy,%thetaz,%phiz) 
      %parlist = 'THETAX_PHIX_THETAY_PHIY_THETAZ_PHIZ' 
      CALL AxPosition 
      ELSEIF ( tof>=2 ) THEN
      CREATE BRTC
      CALL AgsReset 
      CALL agml_position_begin('BRTC') 
      %title = 'BRTC' 
      %exname = 'POSITION' ! agml placement 
      CALL agml_get_translation( %x, %y, %z ) 
      CALL agml_get_angles(%thetax,%phix,%thetay,%phiy,%thetaz,%phiz) 
      %parlist = 'THETAX_PHIX_THETAY_PHIY_THETAZ_PHIZ' 
      CALL AxPosition 
      CREATE BUPC
      CALL AgsReset 
      CALL agml_position_begin('BUPC') 
      %title = 'BUPC' 
      %exname = 'POSITION' ! agml placement 
      ag_x = real((tray_Height-tray_WallThk)/2) 
      CALL agml_translate_x( %x ) 
      CALL agml_get_translation( %x, %y, %z ) 
      CALL agml_get_angles(%thetax,%phix,%thetay,%phiy,%thetaz,%phiz) 
      %parlist = 'X_THETAX_PHIX_THETAY_PHIY_THETAZ_PHIZ' 
      CALL AxPosition 
      ELSE
      CREATE BMTC
      CALL AgsReset 
      CALL agml_position_begin('BMTC') 
      %title = 'BMTC' 
      %exname = 'POSITION' ! agml placement 
      CALL agml_get_translation( %x, %y, %z ) 
      CALL agml_get_angles(%thetax,%phix,%thetay,%phiy,%thetaz,%phiz) 
      %parlist = 'THETAX_PHIX_THETAY_PHIY_THETAZ_PHIZ' 
      CALL AxPosition 
      ENDIF
      ENDBLOCK
      ! ---------------------------------------------------------------------------------- BMTC
      BLOCK BMTC   is the Main Tray Cavity filled with the details for CTB
      ATTRIBUTE BMTC seen=-1 colo=5
      MATERIAL Air
      SHAPE box dx=tray_height/2-tray_WallThk,
            dy=tray_Width/2-tray_WallThk dz=tray_Length/2-tray_WallThk
      zpos  =(tray_length - ctbb_Slab1Len)/2 - tray_WallThk - ctbb_Wrap
      xpos  = - tray_Height/2 + ctbb_Slab1x
      CREATE BXSA
      CALL AgsReset 
      CALL agml_position_begin('BXSA') 
      %title = 'BXSA' 
      %exname = 'POSITION' ! agml placement 
      ag_x = real(xpos) 
      CALL agml_translate_x( %x ) 
      ag_z = real(zpos) 
      CALL agml_translate_z( %z ) 
      %dz = real(ctbb_Slab1Len/2) 
      %dx = real(ctbb_SlabThck/2) 
      %dy = real(ctbb_SlabWid/2) 
      CALL agml_get_translation( %x, %y, %z ) 
      CALL agml_get_angles(%thetax,%phix,%thetay,%phiy,%thetaz,%phiz) 
      %parlist = 'X_Z_THETAX_PHIX_THETAY_PHIY_THETAZ_PHIZ' 
      CALL AxPosition 
      zpos = zpos - (ctbb_Slab1Len + ctbb_ConvLen)/2
      CREATE BCCV
      CALL AgsReset 
      CALL agml_position_begin('BCCV') 
      %title = 'BCCV' 
      %exname = 'POSITION' ! agml placement 
      ag_x = real(xpos) 
      CALL agml_translate_x( %x ) 
      ag_z = real(zpos) 
      CALL agml_translate_z( %z ) 
      %dx2 = real(ctbb_SlabThck/2) 
      %dy2 = real(ctbb_SlabWid/2) 
      %dy1 = real(ctbb_ConvWidM/2) 
      %dz = real(ctbb_ConvLen/2) 
      %dx1 = real(ctbb_SlabThck/2) 
      CALL agml_get_translation( %x, %y, %z ) 
      CALL agml_get_angles(%thetax,%phix,%thetay,%phiy,%thetaz,%phiz) 
      %parlist = 'X_Z_THETAX_PHIX_THETAY_PHIY_THETAZ_PHIZ' 
      CALL AxPosition 
      zpos = zpos - (ctbb_ConvLen + ctbb_PmtLen)/2
      CREATE BCPM
      CALL AgsReset 
      CALL agml_position_begin('BCPM') 
      %title = 'BCPM' 
      %exname = 'POSITION' ! agml placement 
      ag_x = real(xpos) 
      CALL agml_translate_x( %x ) 
      ag_z = real(zpos) 
      CALL agml_translate_z( %z ) 
      %rmin = real(ctbb_PmtMinR) 
      %rmax = real(ctbb_PmtMaxR) 
      %dz = real(ctbb_PmtLen/2) 
      CALL agml_get_translation( %x, %y, %z ) 
      CALL agml_get_angles(%thetax,%phix,%thetay,%phiy,%thetaz,%phiz) 
      %parlist = 'X_Z_THETAX_PHIX_THETAY_PHIY_THETAZ_PHIZ' 
      CALL AxPosition 
      zpos = zpos - (ctbb_PmtLen + ctbb_BaseLen)/2
      CREATE BCSK
      CALL AgsReset 
      CALL agml_position_begin('BCSK') 
      %title = 'BCSK' 
      %exname = 'POSITION' ! agml placement 
      ag_x = real(xpos) 
      CALL agml_translate_x( %x ) 
      ag_z = real(zpos) 
      CALL agml_translate_z( %z ) 
      %rmin = real(ctbb_BaseMinR) 
      %rmax = real(ctbb_BaseMaxR) 
      %dz = real(ctbb_BaseLen/2) 
      CALL agml_get_translation( %x, %y, %z ) 
      CALL agml_get_angles(%thetax,%phix,%thetay,%phiy,%thetaz,%phiz) 
      %parlist = 'X_Z_THETAX_PHIX_THETAY_PHIY_THETAZ_PHIZ' 
      CALL AxPosition 
      CREATE BZEL
      CALL AgsReset 
      CALL agml_position_begin('BZEL') 
      %title = 'BZEL' 
      %exname = 'POSITION' ! agml placement 
      ag_x = real(xpos) 
      CALL agml_translate_x( %x ) 
      ag_z = real(zpos) 
      CALL agml_translate_z( %z ) 
      %dz = real(ctbb_BaseLen/2) 
      %dx = real(ctbb_ElecThck/2) 
      %dy = real(ctbb_BaseMinR-0.1) 
      CALL agml_get_translation( %x, %y, %z ) 
      CALL agml_get_angles(%thetax,%phix,%thetay,%phiy,%thetaz,%phiz) 
      %parlist = 'X_Z_THETAX_PHIX_THETAY_PHIY_THETAZ_PHIZ' 
      CALL AxPosition 
      zpos  =(tray_length - ctbb_Slab2Len)/2 - tray_WallThk - ctbb_Wrap - ctbb_Shim
      xpos  = - tray_Height/2 + ctbb_Slab2x
      CREATE BXSA
      CALL AgsReset 
      CALL agml_position_begin('BXSA') 
      %title = 'BXSA' 
      %exname = 'POSITION' ! agml placement 
      ag_x = real(xpos) 
      CALL agml_translate_x( %x ) 
      ag_z = real(-zpos) 
      CALL agml_translate_z( %z ) 
      %dz = real(ctbb_Slab2Len/2) 
      %dx = real(ctbb_SlabThck/2) 
      %dy = real(ctbb_SlabWid/2) 
      CALL agml_get_translation( %x, %y, %z ) 
      CALL agml_get_angles(%thetax,%phix,%thetay,%phiy,%thetaz,%phiz) 
      %parlist = 'X_Z_THETAX_PHIX_THETAY_PHIY_THETAZ_PHIZ' 
      CALL AxPosition 
      zpos = zpos - (ctbb_Slab2len + ctbb_ConvLen)/2
      CALL AgsReset 
      CALL agml_position_begin('BCCV') 
      %title = 'BCCV' 
      %exname = 'POSITION' ! agml placement 
      ag_x = real(xpos) 
      CALL agml_translate_x( %x ) 
      ag_z = real(-zpos) 
      CALL agml_translate_z( %z ) 
      %dx2 = real(ctbb_SlabThck/2) 
      %dy2 = real(ctbb_SlabWid/2) 
      %dy1 = real(ctbb_ConvWidM/2) 
      %dz = real(ctbb_ConvLen/2) 
      %dx1 = real(ctbb_SlabThck/2) 
      ag_alphax = 180.0 
      CALL agml_rotate_x(%alphax) 
      CALL agml_get_translation( %x, %y, %z ) 
      CALL agml_get_angles(%thetax,%phix,%thetay,%phiy,%thetaz,%phiz) 
      %parlist = 'X_Z_THETAX_PHIX_THETAY_PHIY_THETAZ_PHIZ' 
      CALL AxPosition 
      zpos = zpos - (ctbb_ConvLen + ctbb_PmtLen)/2
      CALL AgsReset 
      CALL agml_position_begin('BCPM') 
      %title = 'BCPM' 
      %exname = 'POSITION' ! agml placement 
      ag_x = real(xpos) 
      CALL agml_translate_x( %x ) 
      ag_z = real(-zpos) 
      CALL agml_translate_z( %z ) 
      %rmin = real(ctbb_PmtMinR) 
      %rmax = real(ctbb_PmtMaxR) 
      %dz = real(ctbb_PmtLen/2) 
      CALL agml_get_translation( %x, %y, %z ) 
      CALL agml_get_angles(%thetax,%phix,%thetay,%phiy,%thetaz,%phiz) 
      %parlist = 'X_Z_THETAX_PHIX_THETAY_PHIY_THETAZ_PHIZ' 
      CALL AxPosition 
      zpos = zpos - (ctbb_PmtLen + ctbb_BaseLen)/2
      CALL AgsReset 
      CALL agml_position_begin('BCSK') 
      %title = 'BCSK' 
      %exname = 'POSITION' ! agml placement 
      ag_x = real(xpos) 
      CALL agml_translate_x( %x ) 
      ag_z = real(-zpos) 
      CALL agml_translate_z( %z ) 
      %rmin = real(ctbb_BaseMinR) 
      %rmax = real(ctbb_BaseMaxR) 
      %dz = real(ctbb_BaseLen/2) 
      CALL agml_get_translation( %x, %y, %z ) 
      CALL agml_get_angles(%thetax,%phix,%thetay,%phiy,%thetaz,%phiz) 
      %parlist = 'X_Z_THETAX_PHIX_THETAY_PHIY_THETAZ_PHIZ' 
      CALL AxPosition 
      CALL AgsReset 
      CALL agml_position_begin('BZEL') 
      %title = 'BZEL' 
      %exname = 'POSITION' ! agml placement 
      ag_x = real(xpos) 
      CALL agml_translate_x( %x ) 
      ag_z = real(-zpos) 
      CALL agml_translate_z( %z ) 
      %dz = real(ctbb_BaseLen/2) 
      %dx = real(ctbb_ElecThck/2) 
      %dy = real(ctbb_BaseMinR-0.1) 
      CALL agml_get_translation( %x, %y, %z ) 
      CALL agml_get_angles(%thetax,%phix,%thetay,%phiy,%thetaz,%phiz) 
      %parlist = 'X_Z_THETAX_PHIX_THETAY_PHIY_THETAZ_PHIZ' 
      CALL AxPosition 
      ENDBLOCK
      ! ---------------------------------------------------------------------------------- BTTC
      BLOCK BTTC   is the Main Tray Cavity filled with the details for TOFp
      ATTRIBUTE BTTC seen=0 colo=3
      COMPONENT C A=12 Z=6 W=1
      COMPONENT H2 A=1 Z=1 W=2
      MIXTURE LastAFoam dens=0.048
      SHAPE box dx=tray_height/2-tray_WallThk,
            dy=tray_Width/2-tray_WallThk dz=tray_Length/2-tray_WallThk
      sublen             =((toff_Slat02z + 15.5) - (toff_Slat10z - 15.5))
      subcen             =(toff_Slat02z + 15.5) - sublen/2.
      iwid=4
      CREATE BMAA
      CALL AgsReset 
      CALL agml_position_begin('BMAA') 
      %title = 'BMAA' 
      %exname = 'POSITION' ! agml placement 
      %konly = 'MANY' 
      ag_x = 0.0 
      CALL agml_translate_x( %x ) 
      ag_z = real(subcen) 
      CALL agml_translate_z( %z ) 
      CALL agml_get_translation( %x, %y, %z ) 
      CALL agml_get_angles(%thetax,%phix,%thetay,%phiy,%thetaz,%phiz) 
      %parlist = 'KONLY_X_Z_THETAX_PHIX_THETAY_PHIY_THETAZ_PHIZ' 
      CALL AxPosition 
      iwid=5
      CREATE BMAA
      CALL AgsReset 
      CALL agml_position_begin('BMAA') 
      %title = 'BMAA' 
      %exname = 'POSITION' ! agml placement 
      %konly = 'MANY' 
      ag_x = 0.0 
      CALL agml_translate_x( %x ) 
      ag_z = real(toff_Slat01z) 
      CALL agml_translate_z( %z ) 
      CALL agml_get_translation( %x, %y, %z ) 
      CALL agml_get_angles(%thetax,%phix,%thetay,%phiy,%thetaz,%phiz) 
      %parlist = 'KONLY_X_Z_THETAX_PHIX_THETAY_PHIY_THETAZ_PHIZ' 
      CALL AxPosition 
      CREATE BCOO
      CALL AgsReset 
      CALL agml_position_begin('BCOO') 
      %title = 'BCOO' 
      %exname = 'POSITION' ! agml placement 
      ag_x = 0.0 
      CALL agml_translate_x( %x ) 
      ag_y = 0.0 
      CALL agml_translate_y( %y ) 
      CALL agml_get_translation( %x, %y, %z ) 
      CALL agml_get_angles(%thetax,%phix,%thetay,%phiy,%thetaz,%phiz) 
      %parlist = 'X_Y_THETAX_PHIX_THETAY_PHIY_THETAZ_PHIZ' 
      CALL AxPosition 
      CREATE BFEE dx=toff_ElecThck/2 dy=toff_ElecWid/2 dz=toff_ElecLen/2
      CALL AgsReset 
      CALL agml_position_begin('BFEE') 
      %title = 'BFEE' 
      %exname = 'POSITION' ! agml placement 
      ag_x = real(toff_ElecHgt) 
      CALL agml_translate_x( %x ) 
      ag_z = real(toff_Elec01z-toff_ElecLen/2) 
      CALL agml_translate_z( %z ) 
      CALL agml_get_translation( %x, %y, %z ) 
      CALL agml_get_angles(%thetax,%phix,%thetay,%phiy,%thetaz,%phiz) 
      %parlist = 'X_Z_THETAX_PHIX_THETAY_PHIY_THETAZ_PHIZ' 
      CALL AxPosition 
      CALL AgsReset 
      CALL agml_position_begin('BFEE') 
      %title = 'BFEE' 
      %exname = 'POSITION' ! agml placement 
      ag_x = real(toff_ElecHgt) 
      CALL agml_translate_x( %x ) 
      ag_z = real(toff_Elec02z-toff_ElecLen/2) 
      CALL agml_translate_z( %z ) 
      CALL agml_get_translation( %x, %y, %z ) 
      CALL agml_get_angles(%thetax,%phix,%thetay,%phiy,%thetaz,%phiz) 
      %parlist = 'X_Z_THETAX_PHIX_THETAY_PHIY_THETAZ_PHIZ' 
      CALL AxPosition 
      CALL AgsReset 
      CALL agml_position_begin('BFEE') 
      %title = 'BFEE' 
      %exname = 'POSITION' ! agml placement 
      ag_x = real(toff_ElecHgt) 
      CALL agml_translate_x( %x ) 
      ag_z = real(toff_Elec03z-toff_ElecLen/2) 
      CALL agml_translate_z( %z ) 
      CALL agml_get_translation( %x, %y, %z ) 
      CALL agml_get_angles(%thetax,%phix,%thetay,%phiy,%thetaz,%phiz) 
      %parlist = 'X_Z_THETAX_PHIX_THETAY_PHIY_THETAZ_PHIZ' 
      CALL AxPosition 
      CALL AgsReset 
      CALL agml_position_begin('BFEE') 
      %title = 'BFEE' 
      %exname = 'POSITION' ! agml placement 
      ag_x = real(toff_ElecHgt) 
      CALL agml_translate_x( %x ) 
      ag_z = real(toff_Elec04z-toff_ElecLen/2) 
      CALL agml_translate_z( %z ) 
      CALL agml_get_translation( %x, %y, %z ) 
      CALL agml_get_angles(%thetax,%phix,%thetay,%phiy,%thetaz,%phiz) 
      %parlist = 'X_Z_THETAX_PHIX_THETAY_PHIY_THETAZ_PHIZ' 
      CALL AxPosition 
      CALL AgsReset 
      CALL agml_position_begin('BFEE') 
      %title = 'BFEE' 
      %exname = 'POSITION' ! agml placement 
      ag_x = real(toff_ElecHgt) 
      CALL agml_translate_x( %x ) 
      ag_z = real(toff_Elec05z-toff_ElecLen/2) 
      CALL agml_translate_z( %z ) 
      CALL agml_get_translation( %x, %y, %z ) 
      CALL agml_get_angles(%thetax,%phix,%thetay,%phiy,%thetaz,%phiz) 
      %parlist = 'X_Z_THETAX_PHIX_THETAY_PHIY_THETAZ_PHIZ' 
      CALL AxPosition 
      CALL AgsReset 
      CALL agml_position_begin('BFEE') 
      %title = 'BFEE' 
      %exname = 'POSITION' ! agml placement 
      ag_x = real(toff_ElecHgt) 
      CALL agml_translate_x( %x ) 
      ag_z = real(toff_Elec06z-toff_ElecLen/2) 
      CALL agml_translate_z( %z ) 
      CALL agml_get_translation( %x, %y, %z ) 
      CALL agml_get_angles(%thetax,%phix,%thetay,%phiy,%thetaz,%phiz) 
      %parlist = 'X_Z_THETAX_PHIX_THETAY_PHIY_THETAZ_PHIZ' 
      CALL AxPosition 
      CALL AgsReset 
      CALL agml_position_begin('BFEE') 
      %title = 'BFEE' 
      %exname = 'POSITION' ! agml placement 
      ag_x = real(toff_ElecHgt) 
      CALL agml_translate_x( %x ) 
      ag_z = real(toff_Elec07z-toff_ElecLen/2) 
      CALL agml_translate_z( %z ) 
      CALL agml_get_translation( %x, %y, %z ) 
      CALL agml_get_angles(%thetax,%phix,%thetay,%phiy,%thetaz,%phiz) 
      %parlist = 'X_Z_THETAX_PHIX_THETAY_PHIY_THETAZ_PHIZ' 
      CALL AxPosition 
      CALL AgsReset 
      CALL agml_position_begin('BFEE') 
      %title = 'BFEE' 
      %exname = 'POSITION' ! agml placement 
      ag_x = real(toff_ElecHgt) 
      CALL agml_translate_x( %x ) 
      ag_z = real(toff_Elec08z-toff_ElecLen/2) 
      CALL agml_translate_z( %z ) 
      CALL agml_get_translation( %x, %y, %z ) 
      CALL agml_get_angles(%thetax,%phix,%thetay,%phiy,%thetaz,%phiz) 
      %parlist = 'X_Z_THETAX_PHIX_THETAY_PHIY_THETAZ_PHIZ' 
      CALL AxPosition 
      CALL AgsReset 
      CALL agml_position_begin('BFEE') 
      %title = 'BFEE' 
      %exname = 'POSITION' ! agml placement 
      ag_x = real(toff_ElecHgt) 
      CALL agml_translate_x( %x ) 
      ag_z = real(toff_Elec09z-toff_ElecLen/2) 
      CALL agml_translate_z( %z ) 
      CALL agml_get_translation( %x, %y, %z ) 
      CALL agml_get_angles(%thetax,%phix,%thetay,%phiy,%thetaz,%phiz) 
      %parlist = 'X_Z_THETAX_PHIX_THETAY_PHIY_THETAZ_PHIZ' 
      CALL AxPosition 
      CALL AgsReset 
      CALL agml_position_begin('BFEE') 
      %title = 'BFEE' 
      %exname = 'POSITION' ! agml placement 
      ag_x = real(toff_ElecHgt) 
      CALL agml_translate_x( %x ) 
      ag_z = real(toff_Elec10z-toff_ElecLen/2) 
      CALL agml_translate_z( %z ) 
      CALL agml_get_translation( %x, %y, %z ) 
      CALL agml_get_angles(%thetax,%phix,%thetay,%phiy,%thetaz,%phiz) 
      %parlist = 'X_Z_THETAX_PHIX_THETAY_PHIY_THETAZ_PHIZ' 
      CALL AxPosition 
      CREATE BPLA dx=toff_ElecThck/2 dy=toff_ElecWid/2 dz=toff_ElecLen/2
      CALL AgsReset 
      CALL agml_position_begin('BPLA') 
      %title = 'BPLA' 
      %exname = 'POSITION' ! agml placement 
      ag_x = real(toff_ElecHgt) 
      CALL agml_translate_x( %x ) 
      ag_y = 0.0 
      CALL agml_translate_y( %y ) 
      ag_z = real(toff_Elec01z+3.0) 
      CALL agml_translate_z( %z ) 
      CALL agml_get_translation( %x, %y, %z ) 
      CALL agml_get_angles(%thetax,%phix,%thetay,%phiy,%thetaz,%phiz) 
      %parlist = 'X_Y_Z_THETAX_PHIX_THETAY_PHIY_THETAZ_PHIZ' 
      CALL AxPosition 
      CALL AgsReset 
      CALL agml_position_begin('BPLA') 
      %title = 'BPLA' 
      %exname = 'POSITION' ! agml placement 
      ag_x = real(toff_ElecHgt) 
      CALL agml_translate_x( %x ) 
      ag_y = 0.0 
      CALL agml_translate_y( %y ) 
      ag_z = real(toff_Elec02z+3.0) 
      CALL agml_translate_z( %z ) 
      CALL agml_get_translation( %x, %y, %z ) 
      CALL agml_get_angles(%thetax,%phix,%thetay,%phiy,%thetaz,%phiz) 
      %parlist = 'X_Y_Z_THETAX_PHIX_THETAY_PHIY_THETAZ_PHIZ' 
      CALL AxPosition 
      CALL AgsReset 
      CALL agml_position_begin('BPLA') 
      %title = 'BPLA' 
      %exname = 'POSITION' ! agml placement 
      ag_x = real(toff_ElecHgt) 
      CALL agml_translate_x( %x ) 
      ag_y = 0.0 
      CALL agml_translate_y( %y ) 
      ag_z = real(toff_Elec03z+3.0) 
      CALL agml_translate_z( %z ) 
      CALL agml_get_translation( %x, %y, %z ) 
      CALL agml_get_angles(%thetax,%phix,%thetay,%phiy,%thetaz,%phiz) 
      %parlist = 'X_Y_Z_THETAX_PHIX_THETAY_PHIY_THETAZ_PHIZ' 
      CALL AxPosition 
      CALL AgsReset 
      CALL agml_position_begin('BPLA') 
      %title = 'BPLA' 
      %exname = 'POSITION' ! agml placement 
      ag_x = real(toff_ElecHgt) 
      CALL agml_translate_x( %x ) 
      ag_y = 0.0 
      CALL agml_translate_y( %y ) 
      ag_z = real(toff_Elec04z+3.0) 
      CALL agml_translate_z( %z ) 
      CALL agml_get_translation( %x, %y, %z ) 
      CALL agml_get_angles(%thetax,%phix,%thetay,%phiy,%thetaz,%phiz) 
      %parlist = 'X_Y_Z_THETAX_PHIX_THETAY_PHIY_THETAZ_PHIZ' 
      CALL AxPosition 
      CALL AgsReset 
      CALL agml_position_begin('BPLA') 
      %title = 'BPLA' 
      %exname = 'POSITION' ! agml placement 
      ag_x = real(toff_ElecHgt) 
      CALL agml_translate_x( %x ) 
      ag_y = 0.0 
      CALL agml_translate_y( %y ) 
      ag_z = real(toff_Elec05z+3.0) 
      CALL agml_translate_z( %z ) 
      CALL agml_get_translation( %x, %y, %z ) 
      CALL agml_get_angles(%thetax,%phix,%thetay,%phiy,%thetaz,%phiz) 
      %parlist = 'X_Y_Z_THETAX_PHIX_THETAY_PHIY_THETAZ_PHIZ' 
      CALL AxPosition 
      CALL AgsReset 
      CALL agml_position_begin('BPLA') 
      %title = 'BPLA' 
      %exname = 'POSITION' ! agml placement 
      ag_x = real(toff_ElecHgt) 
      CALL agml_translate_x( %x ) 
      ag_y = 0.0 
      CALL agml_translate_y( %y ) 
      ag_z = real(toff_Elec06z+3.0) 
      CALL agml_translate_z( %z ) 
      CALL agml_get_translation( %x, %y, %z ) 
      CALL agml_get_angles(%thetax,%phix,%thetay,%phiy,%thetaz,%phiz) 
      %parlist = 'X_Y_Z_THETAX_PHIX_THETAY_PHIY_THETAZ_PHIZ' 
      CALL AxPosition 
      CALL AgsReset 
      CALL agml_position_begin('BPLA') 
      %title = 'BPLA' 
      %exname = 'POSITION' ! agml placement 
      ag_x = real(toff_ElecHgt) 
      CALL agml_translate_x( %x ) 
      ag_y = 0.0 
      CALL agml_translate_y( %y ) 
      ag_z = real(toff_Elec07z+3.0) 
      CALL agml_translate_z( %z ) 
      CALL agml_get_translation( %x, %y, %z ) 
      CALL agml_get_angles(%thetax,%phix,%thetay,%phiy,%thetaz,%phiz) 
      %parlist = 'X_Y_Z_THETAX_PHIX_THETAY_PHIY_THETAZ_PHIZ' 
      CALL AxPosition 
      CALL AgsReset 
      CALL agml_position_begin('BPLA') 
      %title = 'BPLA' 
      %exname = 'POSITION' ! agml placement 
      ag_x = real(toff_ElecHgt) 
      CALL agml_translate_x( %x ) 
      ag_y = 0.0 
      CALL agml_translate_y( %y ) 
      ag_z = real(toff_Elec08z+3.0) 
      CALL agml_translate_z( %z ) 
      CALL agml_get_translation( %x, %y, %z ) 
      CALL agml_get_angles(%thetax,%phix,%thetay,%phiy,%thetaz,%phiz) 
      %parlist = 'X_Y_Z_THETAX_PHIX_THETAY_PHIY_THETAZ_PHIZ' 
      CALL AxPosition 
      CALL AgsReset 
      CALL agml_position_begin('BPLA') 
      %title = 'BPLA' 
      %exname = 'POSITION' ! agml placement 
      ag_x = real(toff_ElecHgt) 
      CALL agml_translate_x( %x ) 
      ag_y = 0.0 
      CALL agml_translate_y( %y ) 
      ag_z = real(toff_Elec09z+3.0) 
      CALL agml_translate_z( %z ) 
      CALL agml_get_translation( %x, %y, %z ) 
      CALL agml_get_angles(%thetax,%phix,%thetay,%phiy,%thetaz,%phiz) 
      %parlist = 'X_Y_Z_THETAX_PHIX_THETAY_PHIY_THETAZ_PHIZ' 
      CALL AxPosition 
      CALL AgsReset 
      CALL agml_position_begin('BPLA') 
      %title = 'BPLA' 
      %exname = 'POSITION' ! agml placement 
      ag_x = real(toff_ElecHgt) 
      CALL agml_translate_x( %x ) 
      ag_y = 0.0 
      CALL agml_translate_y( %y ) 
      ag_z = real(toff_Elec10z+3.0) 
      CALL agml_translate_z( %z ) 
      CALL agml_get_translation( %x, %y, %z ) 
      CALL agml_get_angles(%thetax,%phix,%thetay,%phiy,%thetaz,%phiz) 
      %parlist = 'X_Y_Z_THETAX_PHIX_THETAY_PHIY_THETAZ_PHIZ' 
      CALL AxPosition 
      ENDBLOCK
      ! ---------------------------------------------------------------------------------- BUPC
      BLOCK BUPC   is the up pcb cover of tofr
      ATTRIBUTE BUPC seen=0 colo=3
      MATERIAL G10
      SHAPE box dx=tray_WallThk/2 dy=tray_Width/2-tray_WallThk,
            dz=tray_Length/2-tray_WallThk
      ENDBLOCK
      ! ---------------------------------------------------------------------------------- BRTC
      BLOCK BRTC   is the Main Tray Cavity filled with the details for TOFr (run3,
            or run4)
      ATTRIBUTE BRTC seen=0 colo=5
      MATERIAL HoneyComb
      SHAPE box dx=tray_Height/2-tray_WallThk,
            dy=tray_Width/2-tray_WallThk dz=tray_Length/2-tray_WallThk
      CREATE BGMT
      CALL AgsReset 
      CALL agml_position_begin('BGMT') 
      %title = 'BGMT' 
      %exname = 'POSITION' ! agml placement 
      %konly = 'MANY' 
      CALL agml_get_translation( %x, %y, %z ) 
      CALL agml_get_angles(%thetax,%phix,%thetay,%phiy,%thetaz,%phiz) 
      %parlist = 'KONLY_THETAX_PHIX_THETAY_PHIY_THETAZ_PHIZ' 
      CALL AxPosition 
      CREATE BRMD
      IF ( tof==2 ) THEN
      z0 = tray_Length/2 - 0.05
      x0 = -3.66
      DO i = 1, 33
      CALL AgsReset 
      CALL agml_position_begin('BRMD') 
      %title = 'BRMD' 
      %exname = 'POSITION' ! agml placement 
      ag_x = real(x0+modr_mrpcX(i)) 
      CALL agml_translate_x( %x ) 
      ag_z = real(z0-modr_mrpcZ(i)) 
      CALL agml_translate_z( %z ) 
      ag_alphay = real(modr_mrpcA(i)) 
      CALL agml_rotate_y(%alphay) 
      CALL agml_get_translation( %x, %y, %z ) 
      CALL agml_get_angles(%thetax,%phix,%thetay,%phiy,%thetaz,%phiz) 
      %parlist = 'X_Z_THETAX_PHIX_THETAY_PHIY_THETAZ_PHIZ' 
      CALL AxPosition 
      END DO
      ELSEIF ( tof==3 ) THEN
      z0 = tray_Length/2 - 0.05 - mod4_TrayEdgeZ
      x0 = -3.66
      DO i = 1, 32
      IF ( i.le.20.or.(i.ge.25.and.i.le.28) ) THEN
      CALL AgsReset 
      CALL agml_position_begin('BRMD') 
      %title = 'BRMD' 
      %exname = 'POSITION' ! agml placement 
      ag_x = real(x0+mod4_mrpcX(i)) 
      CALL agml_translate_x( %x ) 
      ag_z = real(z0-mod4_mrpcZ(i)) 
      CALL agml_translate_z( %z ) 
      ag_alphay = real(mod4_mrpcA(i)) 
      CALL agml_rotate_y(%alphay) 
      CALL agml_get_translation( %x, %y, %z ) 
      CALL agml_get_angles(%thetax,%phix,%thetay,%phiy,%thetaz,%phiz) 
      %parlist = 'X_Z_THETAX_PHIX_THETAY_PHIY_THETAZ_PHIZ' 
      CALL AxPosition 
      ENDIF
      END DO
      ELSE
      ENDIF
      ENDBLOCK
      ! ---------------------------------------------------------------------------------- BGMT
      BLOCK BGMT   is the mixture gas box in tray that change the hc box into slim
      ATTRIBUTE BGMT seen=0 colo=2
      MATERIAL RPCgas
      SHAPE box dx=tray_Height/2-tray_WallThk,
            dy=tray_Width/2-tray_WallThk-modr_HBWid dz=tray_Length/2-tray_WallThk
      ENDBLOCK
      ! ---------------------------------------------------------------------------------- BMAA
      BLOCK BMAA   is a b1ox for a 4wide AND 5wide phi column of TOF Scintillators
      ATTRIBUTE BMAA seen=0 colo=2
      IF ( iwid==4 ) THEN
      SHAPE box dx=tray_height/2-tray_WallThk,
            dy=0.8*toff_BoxWidth/2 dz=sublen/2.
      ELSE
      SHAPE box dx=tray_height/2-tray_WallThk,
            dy=toff_BoxWidth/2 dz=15.5
      ENDIF
      CREATE BMTD
      ENDBLOCK
      ! ---------------------------------------------------------------------------------- BMTD
      BLOCK BMTD   is a 5wide phi column of TOF Scintillators
      ATTRIBUTE BMTD seen=1 colo=1
      SHAPE division ndiv=iwid iaxis=2
      CREATE BASS
      IF ( iwid==5 ) THEN
      CALL AgsReset 
      CALL agml_position_begin('BASS') 
      %title = 'BASS' 
      %exname = 'POSITION' ! agml placement 
      %konly = 'MANY' 
      ag_x = -1.7 
      CALL agml_translate_x( %x ) 
      ag_alphay = 5.0 
      CALL agml_rotate_y(%alphay) 
      CALL agml_get_translation( %x, %y, %z ) 
      CALL agml_get_angles(%thetax,%phix,%thetay,%phiy,%thetaz,%phiz) 
      %parlist = 'KONLY_X_THETAX_PHIX_THETAY_PHIY_THETAZ_PHIZ' 
      CALL AxPosition 
      ELSE
      CALL AgsReset 
      CALL agml_position_begin('BASS') 
      %title = 'BASS' 
      %exname = 'POSITION' ! agml placement 
      %konly = 'MANY' 
      ag_x = -0.4 
      CALL agml_translate_x( %x ) 
      ag_z = real(toff_Slat02z-subcen) 
      CALL agml_translate_z( %z ) 
      ag_alphay = 10.0 
      CALL agml_rotate_y(%alphay) 
      CALL agml_get_translation( %x, %y, %z ) 
      CALL agml_get_angles(%thetax,%phix,%thetay,%phiy,%thetaz,%phiz) 
      %parlist = 'KONLY_X_Z_THETAX_PHIX_THETAY_PHIY_THETAZ_PHIZ' 
      CALL AxPosition 
      CALL AgsReset 
      CALL agml_position_begin('BASS') 
      %title = 'BASS' 
      %exname = 'POSITION' ! agml placement 
      %konly = 'MANY' 
      ag_x = -0.2 
      CALL agml_translate_x( %x ) 
      ag_z = real(toff_Slat03z-subcen) 
      CALL agml_translate_z( %z ) 
      ag_alphay = 11.0 
      CALL agml_rotate_y(%alphay) 
      CALL agml_get_translation( %x, %y, %z ) 
      CALL agml_get_angles(%thetax,%phix,%thetay,%phiy,%thetaz,%phiz) 
      %parlist = 'KONLY_X_Z_THETAX_PHIX_THETAY_PHIY_THETAZ_PHIZ' 
      CALL AxPosition 
      CALL AgsReset 
      CALL agml_position_begin('BASS') 
      %title = 'BASS' 
      %exname = 'POSITION' ! agml placement 
      %konly = 'MANY' 
      ag_x = -0.2 
      CALL agml_translate_x( %x ) 
      ag_z = real(toff_Slat04z-subcen) 
      CALL agml_translate_z( %z ) 
      ag_alphay = 11.0 
      CALL agml_rotate_y(%alphay) 
      CALL agml_get_translation( %x, %y, %z ) 
      CALL agml_get_angles(%thetax,%phix,%thetay,%phiy,%thetaz,%phiz) 
      %parlist = 'KONLY_X_Z_THETAX_PHIX_THETAY_PHIY_THETAZ_PHIZ' 
      CALL AxPosition 
      CALL AgsReset 
      CALL agml_position_begin('BASS') 
      %title = 'BASS' 
      %exname = 'POSITION' ! agml placement 
      %konly = 'MANY' 
      ag_x = -0.2 
      CALL agml_translate_x( %x ) 
      ag_z = real(toff_Slat05z-subcen) 
      CALL agml_translate_z( %z ) 
      ag_alphay = 11.0 
      CALL agml_rotate_y(%alphay) 
      CALL agml_get_translation( %x, %y, %z ) 
      CALL agml_get_angles(%thetax,%phix,%thetay,%phiy,%thetaz,%phiz) 
      %parlist = 'KONLY_X_Z_THETAX_PHIX_THETAY_PHIY_THETAZ_PHIZ' 
      CALL AxPosition 
      CALL AgsReset 
      CALL agml_position_begin('BASS') 
      %title = 'BASS' 
      %exname = 'POSITION' ! agml placement 
      %konly = 'MANY' 
      ag_x = -0.2 
      CALL agml_translate_x( %x ) 
      ag_z = real(toff_Slat06z-subcen) 
      CALL agml_translate_z( %z ) 
      ag_alphay = 11.0 
      CALL agml_rotate_y(%alphay) 
      CALL agml_get_translation( %x, %y, %z ) 
      CALL agml_get_angles(%thetax,%phix,%thetay,%phiy,%thetaz,%phiz) 
      %parlist = 'KONLY_X_Z_THETAX_PHIX_THETAY_PHIY_THETAZ_PHIZ' 
      CALL AxPosition 
      CALL AgsReset 
      CALL agml_position_begin('BASS') 
      %title = 'BASS' 
      %exname = 'POSITION' ! agml placement 
      %konly = 'MANY' 
      ag_x = -0.2 
      CALL agml_translate_x( %x ) 
      ag_z = real(toff_Slat07z-subcen) 
      CALL agml_translate_z( %z ) 
      ag_alphay = 11.0 
      CALL agml_rotate_y(%alphay) 
      CALL agml_get_translation( %x, %y, %z ) 
      CALL agml_get_angles(%thetax,%phix,%thetay,%phiy,%thetaz,%phiz) 
      %parlist = 'KONLY_X_Z_THETAX_PHIX_THETAY_PHIY_THETAZ_PHIZ' 
      CALL AxPosition 
      CALL AgsReset 
      CALL agml_position_begin('BASS') 
      %title = 'BASS' 
      %exname = 'POSITION' ! agml placement 
      %konly = 'MANY' 
      ag_x = -0.2 
      CALL agml_translate_x( %x ) 
      ag_z = real(toff_Slat08z-subcen) 
      CALL agml_translate_z( %z ) 
      ag_alphay = 11.0 
      CALL agml_rotate_y(%alphay) 
      CALL agml_get_translation( %x, %y, %z ) 
      CALL agml_get_angles(%thetax,%phix,%thetay,%phiy,%thetaz,%phiz) 
      %parlist = 'KONLY_X_Z_THETAX_PHIX_THETAY_PHIY_THETAZ_PHIZ' 
      CALL AxPosition 
      CALL AgsReset 
      CALL agml_position_begin('BASS') 
      %title = 'BASS' 
      %exname = 'POSITION' ! agml placement 
      %konly = 'MANY' 
      ag_x = -0.2 
      CALL agml_translate_x( %x ) 
      ag_z = real(toff_Slat09z-subcen) 
      CALL agml_translate_z( %z ) 
      ag_alphay = 11.0 
      CALL agml_rotate_y(%alphay) 
      CALL agml_get_translation( %x, %y, %z ) 
      CALL agml_get_angles(%thetax,%phix,%thetay,%phiy,%thetaz,%phiz) 
      %parlist = 'KONLY_X_Z_THETAX_PHIX_THETAY_PHIY_THETAZ_PHIZ' 
      CALL AxPosition 
      CALL AgsReset 
      CALL agml_position_begin('BASS') 
      %title = 'BASS' 
      %exname = 'POSITION' ! agml placement 
      %konly = 'MANY' 
      ag_x = -0.2 
      CALL agml_translate_x( %x ) 
      ag_z = real(toff_Slat10z-subcen) 
      CALL agml_translate_z( %z ) 
      ag_alphay = 11.0 
      CALL agml_rotate_y(%alphay) 
      CALL agml_get_translation( %x, %y, %z ) 
      CALL agml_get_angles(%thetax,%phix,%thetay,%phiy,%thetaz,%phiz) 
      %parlist = 'KONLY_X_Z_THETAX_PHIX_THETAY_PHIY_THETAZ_PHIZ' 
      CALL AxPosition 
      ENDIF
      ENDBLOCK
      ! ---------------------------------------------------------------------------------- BASS
      BLOCK BASS   is a single TOF Slat Assembly (slat+PMT+base)
      ATTRIBUTE BASS seen=0 colo=6
      totlen = toff_SlatLen + toff_PmtLen + toff_BaseLen
      SHAPE box dx=toff_PmtMaxR dy=(tray_Width/2-tray_WallThk)/5.,
            dz=totlen/2.
      zpos = - (totlen - toff_SlatLen)/2
      CREATE BCSB
      CALL AgsReset 
      CALL agml_position_begin('BCSB') 
      %title = 'BCSB' 
      %exname = 'POSITION' ! agml placement 
      ag_z = real(zpos) 
      CALL agml_translate_z( %z ) 
      CALL agml_get_translation( %x, %y, %z ) 
      CALL agml_get_angles(%thetax,%phix,%thetay,%phiy,%thetaz,%phiz) 
      %parlist = 'Z_THETAX_PHIX_THETAY_PHIY_THETAZ_PHIZ' 
      CALL AxPosition 
      zpos = zpos + (toff_SlatLen + toff_PmtLen)/2
      CREATE BCPM
      CALL AgsReset 
      CALL agml_position_begin('BCPM') 
      %title = 'BCPM' 
      %exname = 'POSITION' ! agml placement 
      ag_x = 0.0 
      CALL agml_translate_x( %x ) 
      ag_z = real(zpos) 
      CALL agml_translate_z( %z ) 
      %rmin = real(toff_PmtMinR) 
      %rmax = real(toff_PmtMaxR) 
      %dz = real(toff_PmtLen/2) 
      CALL agml_get_translation( %x, %y, %z ) 
      CALL agml_get_angles(%thetax,%phix,%thetay,%phiy,%thetaz,%phiz) 
      %parlist = 'X_Z_THETAX_PHIX_THETAY_PHIY_THETAZ_PHIZ' 
      CALL AxPosition 
      zpos = zpos + toff_PmtLen/2.
      CREATE BTSK
      CALL AgsReset 
      CALL agml_position_begin('BTSK') 
      %title = 'BTSK' 
      %exname = 'POSITION' ! agml placement 
      ag_x = 0.0 
      CALL agml_translate_x( %x ) 
      ag_z = real(zpos+(toff_SockLen/2)) 
      CALL agml_translate_z( %z ) 
      %rmin = real(toff_PmtMinR) 
      %rmax = real(toff_PmtMaxR) 
      %dz = real(toff_SockLen/2) 
      CALL agml_get_translation( %x, %y, %z ) 
      CALL agml_get_angles(%thetax,%phix,%thetay,%phiy,%thetaz,%phiz) 
      %parlist = 'X_Z_THETAX_PHIX_THETAY_PHIY_THETAZ_PHIZ' 
      CALL AxPosition 
      CREATE BCEL
      CALL AgsReset 
      CALL agml_position_begin('BCEL') 
      %title = 'BCEL' 
      %exname = 'POSITION' ! agml placement 
      ag_x = 0.0 
      CALL agml_translate_x( %x ) 
      ag_z = real(zpos+(toff_ElecThck/2)) 
      CALL agml_translate_z( %z ) 
      %rmin = 0.0 
      %rmax = real(toff_PmtMinR) 
      %dz = real(toff_ElecThck/2) 
      CALL agml_get_translation( %x, %y, %z ) 
      CALL agml_get_angles(%thetax,%phix,%thetay,%phiy,%thetaz,%phiz) 
      %parlist = 'X_Z_THETAX_PHIX_THETAY_PHIY_THETAZ_PHIZ' 
      CALL AxPosition 
      zpos = zpos + toff_BaseLen/2
      CREATE BCEB dz=toff_BaseLen/2 dx=toff_ElecThck/2 dy=toff_CellWid/2
      CALL AgsReset 
      CALL agml_position_begin('BCEB') 
      %title = 'BCEB' 
      %exname = 'POSITION' ! agml placement 
      ag_x = real(toff_CellHgt/2) 
      CALL agml_translate_x( %x ) 
      ag_z = real(zpos) 
      CALL agml_translate_z( %z ) 
      CALL agml_get_translation( %x, %y, %z ) 
      CALL agml_get_angles(%thetax,%phix,%thetay,%phiy,%thetaz,%phiz) 
      %parlist = 'X_Z_THETAX_PHIX_THETAY_PHIY_THETAZ_PHIZ' 
      CALL AxPosition 
      CALL AgsReset 
      CALL agml_position_begin('BCEB') 
      %title = 'BCEB' 
      %exname = 'POSITION' ! agml placement 
      ag_x = real(-toff_CellHgt/2) 
      CALL agml_translate_x( %x ) 
      ag_z = real(zpos) 
      CALL agml_translate_z( %z ) 
      CALL agml_get_translation( %x, %y, %z ) 
      CALL agml_get_angles(%thetax,%phix,%thetay,%phiy,%thetaz,%phiz) 
      %parlist = 'X_Z_THETAX_PHIX_THETAY_PHIY_THETAZ_PHIZ' 
      CALL AxPosition 
      zpos = zpos + toff_BaseLen/2 - 0.6
      CREATE BCON
      CALL AgsReset 
      CALL agml_position_begin('BCON') 
      %title = 'BCON' 
      %exname = 'POSITION' ! agml placement 
      ag_x = 0.0 
      CALL agml_translate_x( %x ) 
      ag_y = 0.0 
      CALL agml_translate_y( %y ) 
      ag_z = real(zpos) 
      CALL agml_translate_z( %z ) 
      %dy = 1.25 
      %dz = 0.6 
      %dx = real((toff_CellHgt-toff_ElecThck)/2) 
      CALL agml_get_translation( %x, %y, %z ) 
      CALL agml_get_angles(%thetax,%phix,%thetay,%phiy,%thetaz,%phiz) 
      %parlist = 'X_Y_Z_THETAX_PHIX_THETAY_PHIY_THETAZ_PHIZ' 
      CALL AxPosition 
      ENDBLOCK
      ! ---------------------------------------------------------------------------------- BXSA
      BLOCK BXSA   is the active trigger scintillator SLAB for ctb
      ATTRIBUTE BXSA seen=0 colo=3
      MATERIAL polystyren
      MEDIUM sensitive isvol=1
      SHAPE box dx=0 dy=0 dz=0
      HITS BXSA X:0.01:S Y:0.01: Z:0.01: ptot:18:(0.0,100.0) cx:10: cy:10: cz:10:,
            sleng:0.1:(0,500) tof:16:(0.0,1.0E-6) step:0.01: eloss:16:(0.0,0.01)
      ENDBLOCK
      ! ---------------------------------------------------------------------------------- BCSB
      BLOCK BCSB   is the active trigger scintillator SLAB for tof
      ATTRIBUTE BCSB seen=1 colo=7
      MATERIAL polystyren
      MEDIUM sensitive isvol=1
      SHAPE box dx=toff_SlatThck/2 dy=toff_SlatWid/2,
            dz=toff_SlatLen/2
      HITS BCSB X:0.01:S Y:0.01: Z:0.01: ptot:18:(0.0,100.0) cx:10: cy:10: cz:10:,
            sleng:0.1:(0,500) tof:16:(0.0,1.0E-6) step:0.01: eloss:16:(0.0,0.01)
      ENDBLOCK
      ! ---------------------------------------------------------------------------------- BCCV
      BLOCK BCCV   is a Ctb optical ConVerter
      ATTRIBUTE BCCV seen=0 colo=3
      MATERIAL polystyren
      SHAPE trd2 dx1=0 dx2=0 dy1=0 dy2=0 dz=0
      ENDBLOCK
      ! ---------------------------------------------------------------------------------- BCSK
      BLOCK BCSK   is a CTB Linear Base tube
      ATTRIBUTE BCSK seen=0 colo=2
      MATERIAL polystyren
      SHAPE tube rmin=0 rmax=0 dz=0
      ENDBLOCK
      ! ---------------------------------------------------------------------------------- BZEL
      BLOCK BZEL   is a Ctb PM electronics
      ATTRIBUTE BZEL seen=0 colo=6
      MATERIAL silicon
      SHAPE box dx=0 dy=0 dz=0
      ENDBLOCK
      ! ---------------------------------------------------------------------------------- BCPM
      BLOCK BCPM   is a PhotoMultiplier Tube (same for CTB and TOF)
      ATTRIBUTE BCPM seen=0 colo=1
      MATERIAL polystyren
      SHAPE tube rmin=0 rmax=0 dz=0
      ENDBLOCK
      ! ---------------------------------------------------------------------------------- BTSK
      BLOCK BTSK   is the outer shell of a TOF CW Base
      ATTRIBUTE BTSK seen=0 colo=7
      MATERIAL polystyren
      SHAPE tube rmin=0 rmax=0 dz=0
      ENDBLOCK
      ! ---------------------------------------------------------------------------------- BCEL
      BLOCK BCEL   is a circular G10 board in the CW Base for TOF
      ATTRIBUTE BCEL seen=0 colo=3
      MATERIAL G10
      SHAPE tube rmin=0 rmax=0 dz=0
      ENDBLOCK
      ! ---------------------------------------------------------------------------------- BCEB
      BLOCK BCEB   is a square G10 board in the CW Base for TOF
      ATTRIBUTE BCEL seen=0 colo=3
      MATERIAL G10
      SHAPE box dx=0 dy=0 dz=0
      ENDBLOCK
      ! ---------------------------------------------------------------------------------- BPLA
      BLOCK BPLA   is the plastic angle pieces that hold the upper foam supports...
      ATTRIBUTE BPLA seen=0 colo=4
      MATERIAL polystyren
      SHAPE box dx=0 dy=0 dz=0
      CREATE BCON
      CALL AgsReset 
      CALL agml_position_begin('BCON') 
      %title = 'BCON' 
      %exname = 'POSITION' ! agml placement 
      ag_x = 0.0 
      CALL agml_translate_x( %x ) 
      ag_y = 0.0 
      CALL agml_translate_y( %y ) 
      ag_z = real((-0.5*2.54)/2) 
      CALL agml_translate_z( %z ) 
      %dy = real(tray_Width/2-tray_WallThk-0.5) 
      %dz = real(0.5*2.54/2) 
      %dx = real(0.08*2.54/2) 
      CALL agml_get_translation( %x, %y, %z ) 
      CALL agml_get_angles(%thetax,%phix,%thetay,%phiy,%thetaz,%phiz) 
      %parlist = 'X_Y_Z_THETAX_PHIX_THETAY_PHIY_THETAZ_PHIZ' 
      CALL AxPosition 
      CALL AgsReset 
      CALL agml_position_begin('BCON') 
      %title = 'BCON' 
      %exname = 'POSITION' ! agml placement 
      ag_x = real((-0.08*2.54-0.25*2.54)/2) 
      CALL agml_translate_x( %x ) 
      ag_y = 0.0 
      CALL agml_translate_y( %y ) 
      ag_z = real((-0.08*2.54)/2) 
      CALL agml_translate_z( %z ) 
      %dy = real(tray_Width/2-tray_WallThk-2.0) 
      %dz = real(0.08*2.54/2) 
      %dx = real(0.25*2.54/2) 
      CALL agml_get_translation( %x, %y, %z ) 
      CALL agml_get_angles(%thetax,%phix,%thetay,%phiy,%thetaz,%phiz) 
      %parlist = 'X_Y_Z_THETAX_PHIX_THETAY_PHIY_THETAZ_PHIZ' 
      CALL AxPosition 
      ENDBLOCK
      ! ---------------------------------------------------------------------------------- BCON
      BLOCK BCON   is a generic plastic block for various connectors, foam-support-angles,
             etc......
      ATTRIBUTE BCON seen=0 colo=6
      MATERIAL polystyren
      SHAPE box dx=0 dy=0 dz=0
      ENDBLOCK
      ! ---------------------------------------------------------------------------------- BFEE
      BLOCK BFEE   is a G10 FrontEndElectronics board for TOF
      ATTRIBUTE BFEE seen=0 colo=3
      MATERIAL G10
      SHAPE box dx=toff_ElecThck/2 dy=toff_ElecWid/2,
            dz=toff_ElecLen/2
      CREATE BLEM
      CALL AgsReset 
      CALL agml_position_begin('BLEM') 
      %title = 'BLEM' 
      %exname = 'POSITION' ! agml placement 
      ag_x = real(toff_ElecThck+(0.7/2)) 
      CALL agml_translate_x( %x ) 
      ag_y = -7.0 
      CALL agml_translate_y( %y ) 
      ag_z = 2.0 
      CALL agml_translate_z( %z ) 
      CALL agml_get_translation( %x, %y, %z ) 
      CALL agml_get_angles(%thetax,%phix,%thetay,%phiy,%thetaz,%phiz) 
      %parlist = 'X_Y_Z_THETAX_PHIX_THETAY_PHIY_THETAZ_PHIZ' 
      CALL AxPosition 
      CALL AgsReset 
      CALL agml_position_begin('BLEM') 
      %title = 'BLEM' 
      %exname = 'POSITION' ! agml placement 
      ag_x = real(toff_ElecThck+(0.7/2)) 
      CALL agml_translate_x( %x ) 
      ag_y = -3.5 
      CALL agml_translate_y( %y ) 
      ag_z = 2.0 
      CALL agml_translate_z( %z ) 
      CALL agml_get_translation( %x, %y, %z ) 
      CALL agml_get_angles(%thetax,%phix,%thetay,%phiy,%thetaz,%phiz) 
      %parlist = 'X_Y_Z_THETAX_PHIX_THETAY_PHIY_THETAZ_PHIZ' 
      CALL AxPosition 
      CALL AgsReset 
      CALL agml_position_begin('BLEM') 
      %title = 'BLEM' 
      %exname = 'POSITION' ! agml placement 
      ag_x = real(toff_ElecThck+(0.7/2)) 
      CALL agml_translate_x( %x ) 
      ag_y = 0.0 
      CALL agml_translate_y( %y ) 
      ag_z = 2.0 
      CALL agml_translate_z( %z ) 
      CALL agml_get_translation( %x, %y, %z ) 
      CALL agml_get_angles(%thetax,%phix,%thetay,%phiy,%thetaz,%phiz) 
      %parlist = 'X_Y_Z_THETAX_PHIX_THETAY_PHIY_THETAZ_PHIZ' 
      CALL AxPosition 
      CALL AgsReset 
      CALL agml_position_begin('BLEM') 
      %title = 'BLEM' 
      %exname = 'POSITION' ! agml placement 
      ag_x = real(toff_ElecThck+(0.7/2)) 
      CALL agml_translate_x( %x ) 
      ag_y = 3.5 
      CALL agml_translate_y( %y ) 
      ag_z = 2.0 
      CALL agml_translate_z( %z ) 
      CALL agml_get_translation( %x, %y, %z ) 
      CALL agml_get_angles(%thetax,%phix,%thetay,%phiy,%thetaz,%phiz) 
      %parlist = 'X_Y_Z_THETAX_PHIX_THETAY_PHIY_THETAZ_PHIZ' 
      CALL AxPosition 
      CALL AgsReset 
      CALL agml_position_begin('BLEM') 
      %title = 'BLEM' 
      %exname = 'POSITION' ! agml placement 
      ag_x = real(toff_ElecThck+(0.7/2)) 
      CALL agml_translate_x( %x ) 
      ag_y = 7.0 
      CALL agml_translate_y( %y ) 
      ag_z = 2.0 
      CALL agml_translate_z( %z ) 
      CALL agml_get_translation( %x, %y, %z ) 
      CALL agml_get_angles(%thetax,%phix,%thetay,%phiy,%thetaz,%phiz) 
      %parlist = 'X_Y_Z_THETAX_PHIX_THETAY_PHIY_THETAZ_PHIZ' 
      CALL AxPosition 
      CALL AgsReset 
      CALL agml_position_begin('BLEM') 
      %title = 'BLEM' 
      %exname = 'POSITION' ! agml placement 
      ag_x = real(toff_ElecThck+(0.7/2)) 
      CALL agml_translate_x( %x ) 
      ag_y = -7.0 
      CALL agml_translate_y( %y ) 
      ag_z = -2.0 
      CALL agml_translate_z( %z ) 
      ag_alphax = 180.0 
      CALL agml_rotate_x(%alphax) 
      CALL agml_get_translation( %x, %y, %z ) 
      CALL agml_get_angles(%thetax,%phix,%thetay,%phiy,%thetaz,%phiz) 
      %parlist = 'X_Y_Z_THETAX_PHIX_THETAY_PHIY_THETAZ_PHIZ' 
      CALL AxPosition 
      CALL AgsReset 
      CALL agml_position_begin('BLEM') 
      %title = 'BLEM' 
      %exname = 'POSITION' ! agml placement 
      ag_x = real(toff_ElecThck+(0.7/2)) 
      CALL agml_translate_x( %x ) 
      ag_y = -3.5 
      CALL agml_translate_y( %y ) 
      ag_z = -2.0 
      CALL agml_translate_z( %z ) 
      ag_alphax = 180.0 
      CALL agml_rotate_x(%alphax) 
      CALL agml_get_translation( %x, %y, %z ) 
      CALL agml_get_angles(%thetax,%phix,%thetay,%phiy,%thetaz,%phiz) 
      %parlist = 'X_Y_Z_THETAX_PHIX_THETAY_PHIY_THETAZ_PHIZ' 
      CALL AxPosition 
      CALL AgsReset 
      CALL agml_position_begin('BLEM') 
      %title = 'BLEM' 
      %exname = 'POSITION' ! agml placement 
      ag_x = real(toff_ElecThck+(0.7/2)) 
      CALL agml_translate_x( %x ) 
      ag_y = 0.0 
      CALL agml_translate_y( %y ) 
      ag_z = -2.0 
      CALL agml_translate_z( %z ) 
      ag_alphax = 180.0 
      CALL agml_rotate_x(%alphax) 
      CALL agml_get_translation( %x, %y, %z ) 
      CALL agml_get_angles(%thetax,%phix,%thetay,%phiy,%thetaz,%phiz) 
      %parlist = 'X_Y_Z_THETAX_PHIX_THETAY_PHIY_THETAZ_PHIZ' 
      CALL AxPosition 
      CALL AgsReset 
      CALL agml_position_begin('BLEM') 
      %title = 'BLEM' 
      %exname = 'POSITION' ! agml placement 
      ag_x = real(toff_ElecThck+(0.7/2)) 
      CALL agml_translate_x( %x ) 
      ag_y = 3.5 
      CALL agml_translate_y( %y ) 
      ag_z = -2.0 
      CALL agml_translate_z( %z ) 
      ag_alphax = 180.0 
      CALL agml_rotate_x(%alphax) 
      CALL agml_get_translation( %x, %y, %z ) 
      CALL agml_get_angles(%thetax,%phix,%thetay,%phiy,%thetaz,%phiz) 
      %parlist = 'X_Y_Z_THETAX_PHIX_THETAY_PHIY_THETAZ_PHIZ' 
      CALL AxPosition 
      CALL AgsReset 
      CALL agml_position_begin('BLEM') 
      %title = 'BLEM' 
      %exname = 'POSITION' ! agml placement 
      ag_x = real(toff_ElecThck+(0.7/2)) 
      CALL agml_translate_x( %x ) 
      ag_y = 7.0 
      CALL agml_translate_y( %y ) 
      ag_z = -2.0 
      CALL agml_translate_z( %z ) 
      ag_alphax = 180.0 
      CALL agml_rotate_x(%alphax) 
      CALL agml_get_translation( %x, %y, %z ) 
      CALL agml_get_angles(%thetax,%phix,%thetay,%phiy,%thetaz,%phiz) 
      %parlist = 'X_Y_Z_THETAX_PHIX_THETAY_PHIY_THETAZ_PHIZ' 
      CALL AxPosition 
      CALL AgsReset 
      CALL agml_position_begin('BLEM') 
      %title = 'BLEM' 
      %exname = 'POSITION' ! agml placement 
      ag_x = real(toff_ElecThck+(0.7/2)) 
      CALL agml_translate_x( %x ) 
      ag_y = -6.0 
      CALL agml_translate_y( %y ) 
      ag_z = -2.0 
      CALL agml_translate_z( %z ) 
      ag_alphax = 180.0 
      CALL agml_rotate_x(%alphax) 
      CALL agml_get_translation( %x, %y, %z ) 
      CALL agml_get_angles(%thetax,%phix,%thetay,%phiy,%thetaz,%phiz) 
      %parlist = 'X_Y_Z_THETAX_PHIX_THETAY_PHIY_THETAZ_PHIZ' 
      CALL AxPosition 
      CALL AgsReset 
      CALL agml_position_begin('BLEM') 
      %title = 'BLEM' 
      %exname = 'POSITION' ! agml placement 
      ag_x = real(toff_ElecThck+(0.7/2)) 
      CALL agml_translate_x( %x ) 
      ag_y = -2.5 
      CALL agml_translate_y( %y ) 
      ag_z = -2.0 
      CALL agml_translate_z( %z ) 
      ag_alphax = 180.0 
      CALL agml_rotate_x(%alphax) 
      CALL agml_get_translation( %x, %y, %z ) 
      CALL agml_get_angles(%thetax,%phix,%thetay,%phiy,%thetaz,%phiz) 
      %parlist = 'X_Y_Z_THETAX_PHIX_THETAY_PHIY_THETAZ_PHIZ' 
      CALL AxPosition 
      CALL AgsReset 
      CALL agml_position_begin('BLEM') 
      %title = 'BLEM' 
      %exname = 'POSITION' ! agml placement 
      ag_x = real(toff_ElecThck+(0.7/2)) 
      CALL agml_translate_x( %x ) 
      ag_y = 1.0 
      CALL agml_translate_y( %y ) 
      ag_z = -2.0 
      CALL agml_translate_z( %z ) 
      ag_alphax = 180.0 
      CALL agml_rotate_x(%alphax) 
      CALL agml_get_translation( %x, %y, %z ) 
      CALL agml_get_angles(%thetax,%phix,%thetay,%phiy,%thetaz,%phiz) 
      %parlist = 'X_Y_Z_THETAX_PHIX_THETAY_PHIY_THETAZ_PHIZ' 
      CALL AxPosition 
      CALL AgsReset 
      CALL agml_position_begin('BLEM') 
      %title = 'BLEM' 
      %exname = 'POSITION' ! agml placement 
      ag_x = real(toff_ElecThck+(0.7/2)) 
      CALL agml_translate_x( %x ) 
      ag_y = 4.5 
      CALL agml_translate_y( %y ) 
      ag_z = -2.0 
      CALL agml_translate_z( %z ) 
      ag_alphax = 180.0 
      CALL agml_rotate_x(%alphax) 
      CALL agml_get_translation( %x, %y, %z ) 
      CALL agml_get_angles(%thetax,%phix,%thetay,%phiy,%thetaz,%phiz) 
      %parlist = 'X_Y_Z_THETAX_PHIX_THETAY_PHIY_THETAZ_PHIZ' 
      CALL AxPosition 
      CALL AgsReset 
      CALL agml_position_begin('BLEM') 
      %title = 'BLEM' 
      %exname = 'POSITION' ! agml placement 
      ag_x = real(toff_ElecThck+(0.7/2)) 
      CALL agml_translate_x( %x ) 
      ag_y = 8.0 
      CALL agml_translate_y( %y ) 
      ag_z = -2.0 
      CALL agml_translate_z( %z ) 
      ag_alphax = 180.0 
      CALL agml_rotate_x(%alphax) 
      CALL agml_get_translation( %x, %y, %z ) 
      CALL agml_get_angles(%thetax,%phix,%thetay,%phiy,%thetaz,%phiz) 
      %parlist = 'X_Y_Z_THETAX_PHIX_THETAY_PHIY_THETAZ_PHIZ' 
      CALL AxPosition 
      ENDBLOCK
      ! ---------------------------------------------------------------------------------- BLEM
      BLOCK BLEM   is a Lemo connector on the FEE boards
      ATTRIBUTE BLEM seen=0 colo=3
      SHAPE box dx=(0.68/2+(0.9-0.72)/2) dy=(0.68/2),
            dz=(2.0/2+(0.8+1.0)/2)
      CREATE BPIP
      CALL AgsReset 
      CALL agml_position_begin('BPIP') 
      %title = 'BPIP' 
      %exname = 'POSITION' ! agml placement 
      ag_x = real((0.9-0.72)/2) 
      CALL agml_translate_x( %x ) 
      ag_y = 0.0 
      CALL agml_translate_y( %y ) 
      ag_z = real((0.8+1.0)/2) 
      CALL agml_translate_z( %z ) 
      %rmin = real(0.62/2) 
      %rmax = real(0.68/2) 
      %dz = real(2.0/2) 
      CALL agml_get_translation( %x, %y, %z ) 
      CALL agml_get_angles(%thetax,%phix,%thetay,%phiy,%thetaz,%phiz) 
      %parlist = 'X_Y_Z_THETAX_PHIX_THETAY_PHIY_THETAZ_PHIZ' 
      CALL AxPosition 
      ENDBLOCK
      ! ---------------------------------------------------------------------------------- BCOO
      BLOCK BCOO   are the cooling rails/loops
      ATTRIBUTE BCOO seen=0 colo=2
      SHAPE box dx=0 dy=0 dz=0
      CREATE BRAI dz=tray_Length/2-tray_WallThk dx=toff_RailThck/2 dy=toff_RailWid/2
      CALL AgsReset 
      CALL agml_position_begin('BRAI') 
      %title = 'BRAI' 
      %exname = 'POSITION' ! agml placement 
      %konly = 'MANY' 
      ag_x = real(toff_ElecHgt-toff_RailThck) 
      CALL agml_translate_x( %x ) 
      ag_y = real((tray_width/2-toff_RailWid/2-tray_WallThk)) 
      CALL agml_translate_y( %y ) 
      CALL agml_get_translation( %x, %y, %z ) 
      CALL agml_get_angles(%thetax,%phix,%thetay,%phiy,%thetaz,%phiz) 
      %parlist = 'KONLY_X_Y_THETAX_PHIX_THETAY_PHIY_THETAZ_PHIZ' 
      CALL AxPosition 
      CALL AgsReset 
      CALL agml_position_begin('BRAI') 
      %title = 'BRAI' 
      %exname = 'POSITION' ! agml placement 
      %konly = 'MANY' 
      ag_x = real(toff_ElecHgt-toff_RailWid/2-toff_RailThck/2) 
      CALL agml_translate_x( %x ) 
      ag_y = real((tray_width/2-toff_RailThck/2-tray_WallThk)) 
      CALL agml_translate_y( %y ) 
      ag_alphaz = 90.0 
      CALL agml_rotate_z(%alphaz) 
      CALL agml_get_translation( %x, %y, %z ) 
      CALL agml_get_angles(%thetax,%phix,%thetay,%phiy,%thetaz,%phiz) 
      %parlist = 'KONLY_X_Y_THETAX_PHIX_THETAY_PHIY_THETAZ_PHIZ' 
      CALL AxPosition 
      CALL AgsReset 
      CALL agml_position_begin('BRAI') 
      %title = 'BRAI' 
      %exname = 'POSITION' ! agml placement 
      %konly = 'MANY' 
      ag_x = real(toff_ElecHgt-toff_RailThck) 
      CALL agml_translate_x( %x ) 
      ag_y = real(-(tray_width/2-toff_RailWid/2-tray_WallThk)) 
      CALL agml_translate_y( %y ) 
      CALL agml_get_translation( %x, %y, %z ) 
      CALL agml_get_angles(%thetax,%phix,%thetay,%phiy,%thetaz,%phiz) 
      %parlist = 'KONLY_X_Y_THETAX_PHIX_THETAY_PHIY_THETAZ_PHIZ' 
      CALL AxPosition 
      CALL AgsReset 
      CALL agml_position_begin('BRAI') 
      %title = 'BRAI' 
      %exname = 'POSITION' ! agml placement 
      %konly = 'MANY' 
      ag_x = real(toff_ElecHgt-toff_RailWid/2-toff_RailThck/2) 
      CALL agml_translate_x( %x ) 
      ag_y = real(-(tray_width/2-toff_RailThck/2-tray_WallThk)) 
      CALL agml_translate_y( %y ) 
      ag_alphaz = 90.0 
      CALL agml_rotate_z(%alphaz) 
      CALL agml_get_translation( %x, %y, %z ) 
      CALL agml_get_angles(%thetax,%phix,%thetay,%phiy,%thetaz,%phiz) 
      %parlist = 'KONLY_X_Y_THETAX_PHIX_THETAY_PHIY_THETAZ_PHIZ' 
      CALL AxPosition 
      CREATE BPIP rmax=toff_CoolOutR rmin=toff_CoolInnR dz=tray_Length/2-tray_WallThk
      CALL AgsReset 
      CALL agml_position_begin('BPIP') 
      %title = 'BPIP' 
      %exname = 'POSITION' ! agml placement 
      %konly = 'MANY' 
      ag_x = real(toff_ElecHgt-3.*toff_RailThck/2.-toff_CoolOutR) 
      CALL agml_translate_x( %x ) 
      ag_y = real((tray_width/2-toff_RailThck-tray_WallThk-toff_CoolOutR)) 
      CALL agml_translate_y( %y ) 
      CALL agml_get_translation( %x, %y, %z ) 
      CALL agml_get_angles(%thetax,%phix,%thetay,%phiy,%thetaz,%phiz) 
      %parlist = 'KONLY_X_Y_THETAX_PHIX_THETAY_PHIY_THETAZ_PHIZ' 
      CALL AxPosition 
      CALL AgsReset 
      CALL agml_position_begin('BPIP') 
      %title = 'BPIP' 
      %exname = 'POSITION' ! agml placement 
      %konly = 'MANY' 
      ag_x = real(toff_ElecHgt-3.*toff_RailThck/2.-toff_CoolOutR) 
      CALL agml_translate_x( %x ) 
      ag_y = real(-(tray_width/2-toff_RailThck-tray_WallThk-toff_CoolOutR)) 
      CALL agml_translate_y( %y ) 
      CALL agml_get_translation( %x, %y, %z ) 
      CALL agml_get_angles(%thetax,%phix,%thetay,%phiy,%thetaz,%phiz) 
      %parlist = 'KONLY_X_Y_THETAX_PHIX_THETAY_PHIY_THETAZ_PHIZ' 
      CALL AxPosition 
      CREATE BPIQ rmax=toff_CoolOutR rmin=toff_CoolInnR dz=tray_width/2-tray_WallThk-2.*toff_CoolOutR-toff_RailThck
      CALL AgsReset 
      CALL agml_position_begin('BPIQ') 
      %title = 'BPIQ' 
      %exname = 'POSITION' ! agml placement 
      %konly = 'MANY' 
      ag_x = real(toff_ElecHgt-3.*toff_RailThck/2.-toff_CoolOutR) 
      CALL agml_translate_x( %x ) 
      ag_y = 0.0 
      CALL agml_translate_y( %y ) 
      ag_z = real(tray_Length/2-tray_WallThk-toff_RailThck-toff_CoolOutR) 
      CALL agml_translate_z( %z ) 
      ag_alphax = 90.0 
      CALL agml_rotate_x(%alphax) 
      CALL agml_get_translation( %x, %y, %z ) 
      CALL agml_get_angles(%thetax,%phix,%thetay,%phiy,%thetaz,%phiz) 
      %parlist = 'KONLY_X_Y_Z_THETAX_PHIX_THETAY_PHIY_THETAZ_PHIZ' 
      CALL AxPosition 
      CREATE BWAT rmax=toff_CoolInnR rmin=0 dz=tray_Length/2-tray_WallThk
      CALL AgsReset 
      CALL agml_position_begin('BWAT') 
      %title = 'BWAT' 
      %exname = 'POSITION' ! agml placement 
      ag_x = real(toff_ElecHgt-3.*toff_RailThck/2.-toff_CoolOutR) 
      CALL agml_translate_x( %x ) 
      ag_y = real((tray_width/2-toff_RailThck-tray_WallThk-toff_CoolOutR)) 
      CALL agml_translate_y( %y ) 
      CALL agml_get_translation( %x, %y, %z ) 
      CALL agml_get_angles(%thetax,%phix,%thetay,%phiy,%thetaz,%phiz) 
      %parlist = 'X_Y_THETAX_PHIX_THETAY_PHIY_THETAZ_PHIZ' 
      CALL AxPosition 
      CALL AgsReset 
      CALL agml_position_begin('BWAT') 
      %title = 'BWAT' 
      %exname = 'POSITION' ! agml placement 
      ag_x = real(toff_ElecHgt-3.*toff_RailThck/2.-toff_CoolOutR) 
      CALL agml_translate_x( %x ) 
      ag_y = real(-(tray_width/2-toff_RailThck-tray_WallThk-toff_CoolOutR)) 
      CALL agml_translate_y( %y ) 
      CALL agml_get_translation( %x, %y, %z ) 
      CALL agml_get_angles(%thetax,%phix,%thetay,%phiy,%thetaz,%phiz) 
      %parlist = 'X_Y_THETAX_PHIX_THETAY_PHIY_THETAZ_PHIZ' 
      CALL AxPosition 
      CREATE BWAT rmax=toff_CoolInnR rmin=0 dz=tray_width/2-tray_WallThk-2.*toff_CoolOutR-toff_RailThck
      CALL AgsReset 
      CALL agml_position_begin('BWAT') 
      %title = 'BWAT' 
      %exname = 'POSITION' ! agml placement 
      ag_x = real(toff_ElecHgt-3.*toff_RailThck/2.-toff_CoolOutR) 
      CALL agml_translate_x( %x ) 
      ag_y = 0.0 
      CALL agml_translate_y( %y ) 
      ag_z = real(tray_Length/2-tray_WallThk-toff_RailThck-toff_CoolOutR) 
      CALL agml_translate_z( %z ) 
      ag_alphax = 90.0 
      CALL agml_rotate_x(%alphax) 
      CALL agml_get_translation( %x, %y, %z ) 
      CALL agml_get_angles(%thetax,%phix,%thetay,%phiy,%thetaz,%phiz) 
      %parlist = 'X_Y_Z_THETAX_PHIX_THETAY_PHIY_THETAZ_PHIZ' 
      CALL AxPosition 
      ENDBLOCK
      ! ---------------------------------------------------------------------------------- BRAI
      BLOCK BRAI   is the Rail for the cooling loop
      ATTRIBUTE BRAI seen=0 colo=7
      MATERIAL Aluminium
      SHAPE box dx=0.0 dy=0.0 dz=0.0
      ENDBLOCK
      ! ---------------------------------------------------------------------------------- BPIP
      BLOCK BPIP   is the Long Pipe for the cooling loop
      ATTRIBUTE BPIP seen=0 colo=7
      MATERIAL Aluminium
      SHAPE tube rmin=0 rmax=0 dz=0
      ENDBLOCK
      ! ---------------------------------------------------------------------------------- BPIQ
      BLOCK BPIQ   is the Short Pipe for the cooling loop
      ATTRIBUTE BPIQ seen=0 colo=7
      MATERIAL Aluminium
      SHAPE tube rmin=0 rmax=0 dz=0
      ENDBLOCK
      ! ---------------------------------------------------------------------------------- BUND
      BLOCK BUND   is Undercarriage support tray - same both for CTB and TOF
      ATTRIBUTE BUND seen=0 colo=1 serial=0
      SHAPE box dx=tray_SupFullH/2 dy=tray_Width/2,
            dz=tray_SupLen/2
      MATERIAL Aluminium
      xpos =(tray_SupFullH - tray_FootThk)/2
      ypos =(tray_width - tray_Foot1Len)/2 - tray_FootInse
      CREATE BTFT
      CALL AgsReset 
      CALL agml_position_begin('BTFT') 
      %title = 'BTFT' 
      %exname = 'POSITION' ! agml placement 
      ag_x = real(xpos) 
      CALL agml_translate_x( %x ) 
      ag_y = real(-ypos) 
      CALL agml_translate_y( %y ) 
      %dx = real(tray_FootThk/2) 
      %dy = real(tray_Foot1Len/2) 
      CALL agml_get_translation( %x, %y, %z ) 
      CALL agml_get_angles(%thetax,%phix,%thetay,%phiy,%thetaz,%phiz) 
      %parlist = 'X_Y_THETAX_PHIX_THETAY_PHIY_THETAZ_PHIZ' 
      CALL AxPosition 
      CALL AgsReset 
      CALL agml_position_begin('BTFT') 
      %title = 'BTFT' 
      %exname = 'POSITION' ! agml placement 
      ag_x = real(xpos) 
      CALL agml_translate_x( %x ) 
      ag_y = real(+ypos) 
      CALL agml_translate_y( %y ) 
      %dx = real(tray_FootThk/2) 
      %dy = real(tray_Foot1Len/2) 
      CALL agml_get_translation( %x, %y, %z ) 
      CALL agml_get_angles(%thetax,%phix,%thetay,%phiy,%thetaz,%phiz) 
      %parlist = 'X_Y_THETAX_PHIX_THETAY_PHIY_THETAZ_PHIZ' 
      CALL AxPosition 
      xpos =(tray_SupFullH - tray_Foot2Thk)/2
      ypos = ypos - (tray_Foot1Len + tray_FootThk)/2
      CALL AgsReset 
      CALL agml_position_begin('BTFT') 
      %title = 'BTFT' 
      %exname = 'POSITION' ! agml placement 
      ag_x = real(xpos) 
      CALL agml_translate_x( %x ) 
      ag_y = real(-ypos) 
      CALL agml_translate_y( %y ) 
      %dx = real(tray_Foot2Thk/2) 
      %dy = real(tray_FootThk/2) 
      CALL agml_get_translation( %x, %y, %z ) 
      CALL agml_get_angles(%thetax,%phix,%thetay,%phiy,%thetaz,%phiz) 
      %parlist = 'X_Y_THETAX_PHIX_THETAY_PHIY_THETAZ_PHIZ' 
      CALL AxPosition 
      CALL AgsReset 
      CALL agml_position_begin('BTFT') 
      %title = 'BTFT' 
      %exname = 'POSITION' ! agml placement 
      ag_x = real(xpos) 
      CALL agml_translate_x( %x ) 
      ag_y = real(+ypos) 
      CALL agml_translate_y( %y ) 
      %dx = real(tray_Foot2Thk/2) 
      %dy = real(tray_FootThk/2) 
      CALL agml_get_translation( %x, %y, %z ) 
      CALL agml_get_angles(%thetax,%phix,%thetay,%phiy,%thetaz,%phiz) 
      %parlist = 'X_Y_THETAX_PHIX_THETAY_PHIY_THETAZ_PHIZ' 
      CALL AxPosition 
      xpos =(tray_SupFullH + tray_FootThk)/2 - tray_Foot2Thk
      ypos = ypos - (tray_FootThk + tray_Foot3Len)/2
      CALL AgsReset 
      CALL agml_position_begin('BTFT') 
      %title = 'BTFT' 
      %exname = 'POSITION' ! agml placement 
      ag_x = real(xpos) 
      CALL agml_translate_x( %x ) 
      ag_y = real(-ypos) 
      CALL agml_translate_y( %y ) 
      %dx = real(tray_FootThk/2) 
      %dy = real(tray_Foot3Len/2) 
      CALL agml_get_translation( %x, %y, %z ) 
      CALL agml_get_angles(%thetax,%phix,%thetay,%phiy,%thetaz,%phiz) 
      %parlist = 'X_Y_THETAX_PHIX_THETAY_PHIY_THETAZ_PHIZ' 
      CALL AxPosition 
      CALL AgsReset 
      CALL agml_position_begin('BTFT') 
      %title = 'BTFT' 
      %exname = 'POSITION' ! agml placement 
      ag_x = real(xpos) 
      CALL agml_translate_x( %x ) 
      ag_y = real(+ypos) 
      CALL agml_translate_y( %y ) 
      %dx = real(tray_FootThk/2) 
      %dy = real(tray_Foot3Len/2) 
      CALL agml_get_translation( %x, %y, %z ) 
      CALL agml_get_angles(%thetax,%phix,%thetay,%phiy,%thetaz,%phiz) 
      %parlist = 'X_Y_THETAX_PHIX_THETAY_PHIY_THETAZ_PHIZ' 
      CALL AxPosition 
      support_aile_width =(tray_SupFullH - tray_SupArmT)/tan(60*DegRad)
      support_arm_width  =(tray_SupFullW - tray_SupBaseW)/2 - support_aile_width
      support_aile_Ypos  =(tray_SupBaseW + Support_Aile_width)/2
      support_arm_Xpos   =(tray_SupFullH - tray_SupArmT)/2
      support_arm_Ypos   =(tray_SupFullW - Support_Arm_width)/2
      MATERIAL Aluminium
      CREATE BASE
      CALL AgsReset 
      CALL agml_position_begin('BASE') 
      %title = 'BASE' 
      %exname = 'POSITION' ! agml placement 
      ag_x = real((-tray_SupFullH+tray_SupBaseT)/2) 
      CALL agml_translate_x( %x ) 
      CALL agml_get_translation( %x, %y, %z ) 
      CALL agml_get_angles(%thetax,%phix,%thetay,%phiy,%thetaz,%phiz) 
      %parlist = 'X_THETAX_PHIX_THETAY_PHIY_THETAZ_PHIZ' 
      CALL AxPosition 
      CREATE BARM
      CALL AgsReset 
      CALL agml_position_begin('BARM') 
      %title = 'BARM' 
      %exname = 'POSITION' ! agml placement 
      ag_x = real(support_arm_Xpos) 
      CALL agml_translate_x( %x ) 
      ag_y = real(-support_arm_Ypos) 
      CALL agml_translate_y( %y ) 
      CALL agml_get_translation( %x, %y, %z ) 
      CALL agml_get_angles(%thetax,%phix,%thetay,%phiy,%thetaz,%phiz) 
      %parlist = 'X_Y_THETAX_PHIX_THETAY_PHIY_THETAZ_PHIZ' 
      CALL AxPosition 
      CALL AgsReset 
      CALL agml_position_begin('BARM') 
      %title = 'BARM' 
      %exname = 'POSITION' ! agml placement 
      ag_x = real(support_arm_Xpos) 
      CALL agml_translate_x( %x ) 
      ag_y = real(+support_arm_Ypos) 
      CALL agml_translate_y( %y ) 
      CALL agml_get_translation( %x, %y, %z ) 
      CALL agml_get_angles(%thetax,%phix,%thetay,%phiy,%thetaz,%phiz) 
      %parlist = 'X_Y_THETAX_PHIX_THETAY_PHIY_THETAZ_PHIZ' 
      CALL AxPosition 
      CREATE BANG
      CALL AgsReset 
      CALL agml_position_begin('BANG') 
      %title = 'BANG' 
      %exname = 'POSITION' ! agml placement 
      ag_y = real(-support_aile_Ypos) 
      CALL agml_translate_y( %y ) 
      CALL agml_get_translation( %x, %y, %z ) 
      CALL agml_get_angles(%thetax,%phix,%thetay,%phiy,%thetaz,%phiz) 
      %parlist = 'Y_THETAX_PHIX_THETAY_PHIY_THETAZ_PHIZ' 
      CALL AxPosition 
      CALL AgsReset 
      CALL agml_position_begin('BANG') 
      %title = 'BANG' 
      %exname = 'POSITION' ! agml placement 
      ag_y = real(+support_aile_Ypos) 
      CALL agml_translate_y( %y ) 
      %thetax = 270.0 
      %thetay = 90.0 
      %thetaz = 0.0 
      %phix = 0.0 
      %phiy = 90.0 
      %phiz = 0.0 
      CALL agml_set_angles(%thetax,%phix,%thetay,%phiy,%thetaz,%phiz) 
      CALL agml_get_translation( %x, %y, %z ) 
      CALL agml_get_angles(%thetax,%phix,%thetay,%phiy,%thetaz,%phiz) 
      %parlist = 'Y_THETAX_PHIX_THETAY_PHIY_THETAZ_PHIZ' 
      CALL AxPosition 
      CREATE BCOV
      CALL AgsReset 
      CALL agml_position_begin('BCOV') 
      %title = 'BCOV' 
      %exname = 'POSITION' ! agml placement 
      ag_x = real(-tray_SupFullH/2+tray_CoolOutR) 
      CALL agml_translate_x( %x ) 
      CALL agml_get_translation( %x, %y, %z ) 
      CALL agml_get_angles(%thetax,%phix,%thetay,%phiy,%thetaz,%phiz) 
      %parlist = 'X_THETAX_PHIX_THETAY_PHIY_THETAZ_PHIZ' 
      CALL AxPosition 
      ENDBLOCK
      ! ---------------------------------------------------------------------------------- BTFT
      BLOCK BTFT   is the Foot structure ( Material Aluminium )
      ATTRIBUTE BTFT seen=0 colo=2
      SHAPE box dx=0.0 dy=0.0 dz=0.0
      ENDBLOCK
      ! ---------------------------------------------------------------------------------- BARM
      BLOCK BARM   is a TPC cooling structure arm ( Material Aluminium )
      ATTRIBUTE BARM seen=0 colo=2
      SHAPE box dx=tray_SupArmT/2 dy=support_arm_width/2
      ENDBLOCK
      ! ---------------------------------------------------------------------------------- BANG
      BLOCK BANG   is an angled part of TPC cooling structure ( Aile )
      ATTRIBUTE BANG seen=0 colo=2
      SHAPE para dx=tray_SupArmT/2 dy=support_aile_width/2,
            alph=-60 thet=0 phi=0
      ENDBLOCK
      ! ---------------------------------------------------------------------------------- BASE
      BLOCK BASE   is a bottom of TPC coolant structure
      ATTRIBUTE BASE seen=0 colo=2
      SHAPE box dx=tray_SupBaseT/2 dy=tray_SupBaseW/2
      ENDBLOCK
      ! ---------------------------------------------------------------------------------- BCOV
      BLOCK BCOV   is a whole TPC cooling channel
      ATTRIBUTE BCOV seen=0 colo=2
      SHAPE tube rmin=0 rmax=tray_CoolOutR
      CREATE BWAT rmin=0 rmax=tray_CoolInnR
      CALL AgsReset 
      CALL agml_position_begin('BWAT') 
      %title = 'BWAT' 
      %exname = 'POSITION' ! agml placement 
      CALL agml_get_translation( %x, %y, %z ) 
      CALL agml_get_angles(%thetax,%phix,%thetay,%phiy,%thetaz,%phiz) 
      %parlist = 'THETAX_PHIX_THETAY_PHIY_THETAZ_PHIZ' 
      CALL AxPosition 
      ENDBLOCK
      ! ---------------------------------------------------------------------------------- BWAT
      BLOCK BWAT   is TPC cooling water
      ATTRIBUTE BWAT seen=0 colo=3
      COMPONENT H2 A=1 Z=1 W=2
      COMPONENT O A=16 Z=8 W=1
      MIXTURE Water dens=1.0
      SHAPE tube rmin=0 rmax=0
      ENDBLOCK
      ! ---------------------------------------------------------------------------------- BRMD
      BLOCK BRMD   is a six channel module for TOFr
      ATTRIBUTE BRMD seen=0 colo=6
      MATERIAL RPCgas
      SHAPE box dx=modr_Height/2 dy=modr_Width/2,
            dz=modr_Length/2
      CREATE BRHC
      CREATE BRCB
      CREATE BRMY
      CREATE BRGR
      CREATE BROG
      DTHgt =(modr_IGHgt + modr_SPRMax*2)*(modr_NGap - 1) + modr_SPRMax*2
      CREATE BRDT dz=modr_IGLen/2. konly='MANY' dx=DTHgt/2. dy=modr_IGWid/2.
      CREATE BRWG
      XPOS = modr_Height/2.
      Y = 0.
      Z = modr_Center
      CALL AgsReset 
      CALL agml_position_begin('BRHC') 
      %title = 'BRHC' 
      %exname = 'POSITION' ! agml placement 
      ag_x = real(XPOS-modr_HCHgt/2) 
      CALL agml_translate_x( %x ) 
      ag_z = real(modr_Center) 
      CALL agml_translate_z( %z ) 
      CALL agml_get_translation( %x, %y, %z ) 
      CALL agml_get_angles(%thetax,%phix,%thetay,%phiy,%thetaz,%phiz) 
      %parlist = 'X_Z_THETAX_PHIX_THETAY_PHIY_THETAZ_PHIZ' 
      CALL AxPosition 
      XPOS = XPOS - modr_HCHgt
      CALL AgsReset 
      CALL agml_position_begin('BRCB') 
      %title = 'BRCB' 
      %exname = 'POSITION' ! agml placement 
      ag_x = real(XPOS-modr_PCBHgt/2) 
      CALL agml_translate_x( %x ) 
      ag_z = 0.0 
      CALL agml_translate_z( %z ) 
      CALL agml_get_translation( %x, %y, %z ) 
      CALL agml_get_angles(%thetax,%phix,%thetay,%phiy,%thetaz,%phiz) 
      %parlist = 'X_Z_THETAX_PHIX_THETAY_PHIY_THETAZ_PHIZ' 
      CALL AxPosition 
      XPOS = XPOS - modr_PCBHgt
      CALL AgsReset 
      CALL agml_position_begin('BRMY') 
      %title = 'BRMY' 
      %exname = 'POSITION' ! agml placement 
      ag_x = real(XPOS-modr_MYHgt/2) 
      CALL agml_translate_x( %x ) 
      ag_z = real(modr_Center) 
      CALL agml_translate_z( %z ) 
      CALL agml_get_translation( %x, %y, %z ) 
      CALL agml_get_angles(%thetax,%phix,%thetay,%phiy,%thetaz,%phiz) 
      %parlist = 'X_Z_THETAX_PHIX_THETAY_PHIY_THETAZ_PHIZ' 
      CALL AxPosition 
      XPOS = XPOS - modr_MYHgt
      CALL AgsReset 
      CALL agml_position_begin('BRGR') 
      %title = 'BRGR' 
      %exname = 'POSITION' ! agml placement 
      ag_x = real(XPOS-modr_GRHgt/2) 
      CALL agml_translate_x( %x ) 
      CALL agml_get_translation( %x, %y, %z ) 
      CALL agml_get_angles(%thetax,%phix,%thetay,%phiy,%thetaz,%phiz) 
      %parlist = 'X_THETAX_PHIX_THETAY_PHIY_THETAZ_PHIZ' 
      CALL AxPosition 
      XPOS = XPOS - modr_GRHgt
      CALL AgsReset 
      CALL agml_position_begin('BROG') 
      %title = 'BROG' 
      %exname = 'POSITION' ! agml placement 
      ag_x = real(XPOS-modr_OGHgt/2) 
      CALL agml_translate_x( %x ) 
      CALL agml_get_translation( %x, %y, %z ) 
      CALL agml_get_angles(%thetax,%phix,%thetay,%phiy,%thetaz,%phiz) 
      %parlist = 'X_THETAX_PHIX_THETAY_PHIY_THETAZ_PHIZ' 
      CALL AxPosition 
      XPOS = XPOS - modr_OGHgt
      CALL AgsReset 
      CALL agml_position_begin('BRDT') 
      %title = 'BRDT' 
      %exname = 'POSITION' ! agml placement 
      ag_x = real(XPOS-DTHgt/2) 
      CALL agml_translate_x( %x ) 
      CALL agml_get_translation( %x, %y, %z ) 
      CALL agml_get_angles(%thetax,%phix,%thetay,%phiy,%thetaz,%phiz) 
      %parlist = 'X_THETAX_PHIX_THETAY_PHIY_THETAZ_PHIZ' 
      CALL AxPosition 
      XPOS = XPOS - DTHgt
      CALL AgsReset 
      CALL agml_position_begin('BROG') 
      %title = 'BROG' 
      %exname = 'POSITION' ! agml placement 
      ag_x = real(XPOS-modr_OGHgt/2) 
      CALL agml_translate_x( %x ) 
      CALL agml_get_translation( %x, %y, %z ) 
      CALL agml_get_angles(%thetax,%phix,%thetay,%phiy,%thetaz,%phiz) 
      %parlist = 'X_THETAX_PHIX_THETAY_PHIY_THETAZ_PHIZ' 
      CALL AxPosition 
      XPOS = XPOS - modr_OGHgt
      CALL AgsReset 
      CALL agml_position_begin('BRGR') 
      %title = 'BRGR' 
      %exname = 'POSITION' ! agml placement 
      ag_x = real(XPOS-modr_GRHgt/2) 
      CALL agml_translate_x( %x ) 
      CALL agml_get_translation( %x, %y, %z ) 
      CALL agml_get_angles(%thetax,%phix,%thetay,%phiy,%thetaz,%phiz) 
      %parlist = 'X_THETAX_PHIX_THETAY_PHIY_THETAZ_PHIZ' 
      CALL AxPosition 
      XPOS = XPOS - modr_GRHgt
      CALL AgsReset 
      CALL agml_position_begin('BRMY') 
      %title = 'BRMY' 
      %exname = 'POSITION' ! agml placement 
      ag_x = real(XPOS-modr_MYHgt/2) 
      CALL agml_translate_x( %x ) 
      CALL agml_get_translation( %x, %y, %z ) 
      CALL agml_get_angles(%thetax,%phix,%thetay,%phiy,%thetaz,%phiz) 
      %parlist = 'X_THETAX_PHIX_THETAY_PHIY_THETAZ_PHIZ' 
      CALL AxPosition 
      XPOS = XPOS - modr_MYHgt
      CALL AgsReset 
      CALL agml_position_begin('BRCB') 
      %title = 'BRCB' 
      %exname = 'POSITION' ! agml placement 
      ag_x = real(XPOS-modr_PCBHgt/2) 
      CALL agml_translate_x( %x ) 
      ag_z = 0.0 
      CALL agml_translate_z( %z ) 
      CALL agml_get_translation( %x, %y, %z ) 
      CALL agml_get_angles(%thetax,%phix,%thetay,%phiy,%thetaz,%phiz) 
      %parlist = 'X_Z_THETAX_PHIX_THETAY_PHIY_THETAZ_PHIZ' 
      CALL AxPosition 
      XPOS = XPOS - modr_PCBHgt
      CALL AgsReset 
      CALL agml_position_begin('BRHC') 
      %title = 'BRHC' 
      %exname = 'POSITION' ! agml placement 
      ag_x = real(XPOS-modr_HCHgt/2) 
      CALL agml_translate_x( %x ) 
      ag_z = real(modr_Center) 
      CALL agml_translate_z( %z ) 
      CALL agml_get_translation( %x, %y, %z ) 
      CALL agml_get_angles(%thetax,%phix,%thetay,%phiy,%thetaz,%phiz) 
      %parlist = 'X_Z_THETAX_PHIX_THETAY_PHIY_THETAZ_PHIZ' 
      CALL AxPosition 
      XPOS = XPOS - modr_HCHgt
      ENDBLOCK
      ! ---------------------------------------------------------------------------------- BRHC
      BLOCK BRHC   is the HoneyComb in the TOFr module
      ATTRIBUTE BRHC seen=1 colo=1
      MATERIAL HoneyComb
      SHAPE box dx=modr_HCHgt/2 dy=modr_HCWid/2,
            dz=modr_HCLen/2
      ENDBLOCK
      ! ---------------------------------------------------------------------------------- BRCB
      BLOCK BRCB   is the PCB in the TOFr module
      ATTRIBUTE BRCB seen=1 colo=3
      MATERIAL G10
      SHAPE box dx=modr_PCBHgt/2 dy=modr_PCBWid/2,
            dz=modr_PCBLen/2
      ENDBLOCK
      ! ---------------------------------------------------------------------------------- BRMY
      BLOCK BRMY   is the MYlar in the TOFr module
      ATTRIBUTE BRMY seen=0 colo=1
      MATERIAL MYLAR
      SHAPE box dx=modr_MYHgt/2 dy=modr_MYWid/2,
            dz=modr_MYLen/2
      ENDBLOCK
      ! ---------------------------------------------------------------------------------- BRGR
      BLOCK BRGR   is the GRaphite in the TOFr module
      ATTRIBUTE BRGR seen=0 colo=1
      MATERIAL Carbon
      SHAPE box dx=modr_GRHgt/2 dy=modr_GRWid/2,
            dz=modr_GrLen/2
      ENDBLOCK
      ! ---------------------------------------------------------------------------------- BROG
      BLOCK BROG   is the Outer Glass in the TOFr module
      ATTRIBUTE BROG seen=1 colo=7
      COMPONENT Si A=28 Z=14 W=1.
      COMPONENT O A=16 Z=8 W=2.
      MIXTURE Glass dens=2.2
      SHAPE box dx=modr_OGHgt/2 dy=modr_OGWid/2,
            dz=modr_OGLen/2
      ENDBLOCK
      ! ---------------------------------------------------------------------------------- BRDT
      BLOCK BRDT   is the middle part (including innner glass and gas)in the MRPC
      ATTRIBUTE BRDT
      SHAPE box
      CREATE BRIG konly='MANY'
      CREATE BRSG konly='MANY'
      XPOS = DTHgt/2.
      Y    = 0.
      Z    = 0.
      DO igap = 1, modr_NGap-1
      CALL AgsReset 
      CALL agml_position_begin('BRSG') 
      %title = 'BRSG' 
      %exname = 'POSITION' ! agml placement 
      ag_x = real(XPOS-modr_SPRMax) 
      CALL agml_translate_x( %x ) 
      CALL agml_get_translation( %x, %y, %z ) 
      CALL agml_get_angles(%thetax,%phix,%thetay,%phiy,%thetaz,%phiz) 
      %parlist = 'X_THETAX_PHIX_THETAY_PHIY_THETAZ_PHIZ' 
      CALL AxPosition 
      XPOS = XPOS - modr_SPRMax*2.
      CALL AgsReset 
      CALL agml_position_begin('BRIG') 
      %title = 'BRIG' 
      %exname = 'POSITION' ! agml placement 
      ag_x = real(XPOS-modr_IGHgt/2) 
      CALL agml_translate_x( %x ) 
      CALL agml_get_translation( %x, %y, %z ) 
      CALL agml_get_angles(%thetax,%phix,%thetay,%phiy,%thetaz,%phiz) 
      %parlist = 'X_THETAX_PHIX_THETAY_PHIY_THETAZ_PHIZ' 
      CALL AxPosition 
      XPOS = XPOS - modr_IGHgt
      END DO
      CALL AgsReset 
      CALL agml_position_begin('BRSG') 
      %title = 'BRSG' 
      %exname = 'POSITION' ! agml placement 
      ag_x = real(XPOS-modr_SPRMax) 
      CALL agml_translate_x( %x ) 
      CALL agml_get_translation( %x, %y, %z ) 
      CALL agml_get_angles(%thetax,%phix,%thetay,%phiy,%thetaz,%phiz) 
      %parlist = 'X_THETAX_PHIX_THETAY_PHIY_THETAZ_PHIZ' 
      CALL AxPosition 
      XPOS = XPOS - modr_SPRMax*2.
      ENDBLOCK
      ! ---------------------------------------------------------------------------------- BRIG
      BLOCK BRIG   is the Inner Glass in the TOFr module
      ATTRIBUTE BRIG seen=1 colo=7
      MATERIAL Glass
      SHAPE box dx=modr_IGHgt/2 dy=modr_IGWid/2,
            dz=modr_IGLen/2
      ENDBLOCK
      ! ---------------------------------------------------------------------------------- BRSG
      BLOCK BRSG   is the sensitive gas layer in the TOFr module
      ATTRIBUTE BRSG seen=0 colo=5
      MATERIAL RPCgas
      MEDIUM sensitive isvol=1
      SHAPE box dx=modr_IGHgt/2 dy=modr_IGWid/2,
            dz=modr_IGLen/2
      HITS BRSG X:0.01:HS Y:0.01: Z:0.01: ptot:18:(0.0,100.0) sleng:0.1:(0,500) tof:16:(0.0,1.0E-7),
            step:0.01: eloss:16:(0.0,1.0E-6)
      ENDBLOCK
      ! ---------------------------------------------------------------------------------- BRWG
      BLOCK BRWG   is the WedGe(support) in the TOFr module
      ATTRIBUTE BRWG seen=0
      COMPONENT O A=16 Z=8 W=2
      COMPONENT C A=12 Z=6 W=5
      COMPONENT H A=1 Z=1 W=8
      MIXTURE Lucite dens=1.18
      SHAPE tube rmin=modr_WGRMin rmax=modr_WGRMax,
            dz=modr_WGLen/2
      ENDBLOCK
      <W> '===>> 	[End AgML Module BTOFGEO3]	 <<==='; (A32,/,/);
      END! Module BTOFGEO3
